Archive member included to satisfy reference by file (symbol)

c:/ac6/systemworkbench/plugins/fr.ac6.mcu.externaltools.arm-none.win32_1.17.0.201812190825/tools/compiler/bin/../lib/gcc/arm-none-eabi/7.3.1/thumb/v7e-m/fpv4-sp/softfp\libgcc.a(_aeabi_uldivmod.o)
                              Drivers/STM32L4xx_HAL_Driver/Src/stm32l4xx_hal_uart.o (__aeabi_uldivmod)
c:/ac6/systemworkbench/plugins/fr.ac6.mcu.externaltools.arm-none.win32_1.17.0.201812190825/tools/compiler/bin/../lib/gcc/arm-none-eabi/7.3.1/thumb/v7e-m/fpv4-sp/softfp\libgcc.a(_udivmoddi4.o)
                              c:/ac6/systemworkbench/plugins/fr.ac6.mcu.externaltools.arm-none.win32_1.17.0.201812190825/tools/compiler/bin/../lib/gcc/arm-none-eabi/7.3.1/thumb/v7e-m/fpv4-sp/softfp\libgcc.a(_aeabi_uldivmod.o) (__udivmoddi4)
c:/ac6/systemworkbench/plugins/fr.ac6.mcu.externaltools.arm-none.win32_1.17.0.201812190825/tools/compiler/bin/../lib/gcc/arm-none-eabi/7.3.1/thumb/v7e-m/fpv4-sp/softfp\libgcc.a(_dvmd_tls.o)
                              c:/ac6/systemworkbench/plugins/fr.ac6.mcu.externaltools.arm-none.win32_1.17.0.201812190825/tools/compiler/bin/../lib/gcc/arm-none-eabi/7.3.1/thumb/v7e-m/fpv4-sp/softfp\libgcc.a(_aeabi_uldivmod.o) (__aeabi_ldiv0)
c:/ac6/systemworkbench/plugins/fr.ac6.mcu.externaltools.arm-none.win32_1.17.0.201812190825/tools/compiler/bin/../lib/gcc/arm-none-eabi/7.3.1/../../../../arm-none-eabi/lib/thumb/v7e-m/fpv4-sp/softfp\libc_nano.a(lib_a-errno.o)
                              Src/syscalls.o (__errno)
c:/ac6/systemworkbench/plugins/fr.ac6.mcu.externaltools.arm-none.win32_1.17.0.201812190825/tools/compiler/bin/../lib/gcc/arm-none-eabi/7.3.1/../../../../arm-none-eabi/lib/thumb/v7e-m/fpv4-sp/softfp\libc_nano.a(lib_a-exit.o)
                              c:/ac6/systemworkbench/plugins/fr.ac6.mcu.externaltools.arm-none.win32_1.17.0.201812190825/tools/compiler/bin/../lib/gcc/arm-none-eabi/7.3.1/../../../../arm-none-eabi/lib/thumb/v7e-m/fpv4-sp/softfp/crt0.o (exit)
c:/ac6/systemworkbench/plugins/fr.ac6.mcu.externaltools.arm-none.win32_1.17.0.201812190825/tools/compiler/bin/../lib/gcc/arm-none-eabi/7.3.1/../../../../arm-none-eabi/lib/thumb/v7e-m/fpv4-sp/softfp\libc_nano.a(lib_a-impure.o)
                              c:/ac6/systemworkbench/plugins/fr.ac6.mcu.externaltools.arm-none.win32_1.17.0.201812190825/tools/compiler/bin/../lib/gcc/arm-none-eabi/7.3.1/../../../../arm-none-eabi/lib/thumb/v7e-m/fpv4-sp/softfp\libc_nano.a(lib_a-exit.o) (_global_impure_ptr)
c:/ac6/systemworkbench/plugins/fr.ac6.mcu.externaltools.arm-none.win32_1.17.0.201812190825/tools/compiler/bin/../lib/gcc/arm-none-eabi/7.3.1/../../../../arm-none-eabi/lib/thumb/v7e-m/fpv4-sp/softfp\libc_nano.a(lib_a-init.o)
                              c:/ac6/systemworkbench/plugins/fr.ac6.mcu.externaltools.arm-none.win32_1.17.0.201812190825/tools/compiler/bin/../lib/gcc/arm-none-eabi/7.3.1/../../../../arm-none-eabi/lib/thumb/v7e-m/fpv4-sp/softfp/crt0.o (__libc_init_array)
c:/ac6/systemworkbench/plugins/fr.ac6.mcu.externaltools.arm-none.win32_1.17.0.201812190825/tools/compiler/bin/../lib/gcc/arm-none-eabi/7.3.1/../../../../arm-none-eabi/lib/thumb/v7e-m/fpv4-sp/softfp\libc_nano.a(lib_a-memset.o)
                              c:/ac6/systemworkbench/plugins/fr.ac6.mcu.externaltools.arm-none.win32_1.17.0.201812190825/tools/compiler/bin/../lib/gcc/arm-none-eabi/7.3.1/../../../../arm-none-eabi/lib/thumb/v7e-m/fpv4-sp/softfp/crt0.o (memset)
c:/ac6/systemworkbench/plugins/fr.ac6.mcu.externaltools.arm-none.win32_1.17.0.201812190825/tools/compiler/bin/../lib/gcc/arm-none-eabi/7.3.1/../../../../arm-none-eabi/lib/thumb/v7e-m/fpv4-sp/softfp\libc_nano.a(lib_a-printf.o)
                              Src/main.o (printf)
c:/ac6/systemworkbench/plugins/fr.ac6.mcu.externaltools.arm-none.win32_1.17.0.201812190825/tools/compiler/bin/../lib/gcc/arm-none-eabi/7.3.1/../../../../arm-none-eabi/lib/thumb/v7e-m/fpv4-sp/softfp\libc_nano.a(lib_a-puts.o)
                              Src/main.o (puts)
c:/ac6/systemworkbench/plugins/fr.ac6.mcu.externaltools.arm-none.win32_1.17.0.201812190825/tools/compiler/bin/../lib/gcc/arm-none-eabi/7.3.1/../../../../arm-none-eabi/lib/thumb/v7e-m/fpv4-sp/softfp\libc_nano.a(lib_a-wbuf.o)
                              c:/ac6/systemworkbench/plugins/fr.ac6.mcu.externaltools.arm-none.win32_1.17.0.201812190825/tools/compiler/bin/../lib/gcc/arm-none-eabi/7.3.1/../../../../arm-none-eabi/lib/thumb/v7e-m/fpv4-sp/softfp\libc_nano.a(lib_a-puts.o) (__swbuf_r)
c:/ac6/systemworkbench/plugins/fr.ac6.mcu.externaltools.arm-none.win32_1.17.0.201812190825/tools/compiler/bin/../lib/gcc/arm-none-eabi/7.3.1/../../../../arm-none-eabi/lib/thumb/v7e-m/fpv4-sp/softfp\libc_nano.a(lib_a-wsetup.o)
                              c:/ac6/systemworkbench/plugins/fr.ac6.mcu.externaltools.arm-none.win32_1.17.0.201812190825/tools/compiler/bin/../lib/gcc/arm-none-eabi/7.3.1/../../../../arm-none-eabi/lib/thumb/v7e-m/fpv4-sp/softfp\libc_nano.a(lib_a-puts.o) (__swsetup_r)
[...]
Memory Configuration

Name             Origin             Length             Attributes
RAM              0x20000000         0x00018000         xrw
RAM2             0x10000000         0x00008000         xrw
FLASH            0x08000000         0x00100000         xr
*default*        0x00000000         0xffffffff

Linker script and memory map

LOAD c:/ac6/systemworkbench/plugins/fr.ac6.mcu.externaltools.arm-none.win32_1.17.0.201812190825/tools/compiler/bin/../lib/gcc/arm-none-eabi/7.3.1/thumb/v7e-m/fpv4-sp/softfp/crti.o
LOAD c:/ac6/systemworkbench/plugins/fr.ac6.mcu.externaltools.arm-none.win32_1.17.0.201812190825/tools/compiler/bin/../lib/gcc/arm-none-eabi/7.3.1/thumb/v7e-m/fpv4-sp/softfp/crtbegin.o
LOAD c:/ac6/systemworkbench/plugins/fr.ac6.mcu.externaltools.arm-none.win32_1.17.0.201812190825/tools/compiler/bin/../lib/gcc/arm-none-eabi/7.3.1/../../../../arm-none-eabi/lib/thumb/v7e-m/fpv4-sp/softfp/crt0.o
LOAD Drivers/BSP/Components/hts221/hts221.o
LOAD Drivers/BSP/Components/hts221/hts221_reg.o
LOAD Drivers/BSP/Components/lis2dw12/lis2dw12.o
LOAD Drivers/BSP/Components/lis2dw12/lis2dw12_reg.o
LOAD Drivers/BSP/Components/lis2mdl/lis2mdl.o
LOAD Drivers/BSP/Components/lis2mdl/lis2mdl_reg.o
LOAD Drivers/BSP/Components/lis3dhh/lis3dhh.o
LOAD Drivers/BSP/Components/lis3dhh/lis3dhh_reg.o
LOAD Drivers/BSP/Components/lis3mdl/lis3mdl.o
LOAD Drivers/BSP/Components/lis3mdl/lis3mdl_reg.o
LOAD Drivers/BSP/Components/lps22hb/lps22hb.o
LOAD Drivers/BSP/Components/lps22hb/lps22hb_reg.o
LOAD Drivers/BSP/Components/lps22hh/lps22hh.o
LOAD Drivers/BSP/Components/lps22hh/lps22hh_reg.o
LOAD Drivers/BSP/Components/lsm303agr/lsm303agr.o
LOAD Drivers/BSP/Components/lsm303agr/lsm303agr_reg.o
LOAD Drivers/BSP/Components/lsm6dsl/lsm6dsl.o
LOAD Drivers/BSP/Components/lsm6dsl/lsm6dsl_reg.o
LOAD Drivers/BSP/Components/lsm6dsm/lsm6dsm.o
LOAD Drivers/BSP/Components/lsm6dsm/lsm6dsm_reg.o
LOAD Drivers/BSP/Components/lsm6dsox/lsm6dsox.o
LOAD Drivers/BSP/Components/lsm6dsox/lsm6dsox_reg.o
LOAD Drivers/BSP/Components/pcm1774/PCM1774.o
LOAD Drivers/BSP/Components/pcm1774/PCM1774_reg.o
LOAD Drivers/BSP/Components/stc3115/STC3115_Driver.o
LOAD Drivers/BSP/Components/stts751/stts751.o
LOAD Drivers/BSP/Components/stts751/stts751_reg.o
LOAD Drivers/BSP/SensorTile/SensorTile.o
LOAD Drivers/BSP/SensorTile/SensorTile_bus.o
LOAD Drivers/BSP/SensorTile/SensorTile_env_sensors.o
LOAD Drivers/BSP/SensorTile/SensorTile_env_sensors_ex.o
LOAD Drivers/BSP/SensorTile/SensorTile_gg.o
LOAD Drivers/BSP/SensorTile/SensorTile_motion_sensors.o
LOAD Drivers/BSP/SensorTile/SensorTile_motion_sensors_ex.o
LOAD Drivers/BSP/SensorTile/SensorTile_sd.o
LOAD Drivers/STM32L4xx_HAL_Driver/Src/stm32l4xx_hal.o
LOAD Drivers/STM32L4xx_HAL_Driver/Src/stm32l4xx_hal_cortex.o
LOAD Drivers/STM32L4xx_HAL_Driver/Src/stm32l4xx_hal_dma.o
LOAD Drivers/STM32L4xx_HAL_Driver/Src/stm32l4xx_hal_dma_ex.o
LOAD Drivers/STM32L4xx_HAL_Driver/Src/stm32l4xx_hal_exti.o
LOAD Drivers/STM32L4xx_HAL_Driver/Src/stm32l4xx_hal_flash.o
LOAD Drivers/STM32L4xx_HAL_Driver/Src/stm32l4xx_hal_flash_ex.o
LOAD Drivers/STM32L4xx_HAL_Driver/Src/stm32l4xx_hal_flash_ramfunc.o
LOAD Drivers/STM32L4xx_HAL_Driver/Src/stm32l4xx_hal_gpio.o
LOAD Drivers/STM32L4xx_HAL_Driver/Src/stm32l4xx_hal_i2c.o
LOAD Drivers/STM32L4xx_HAL_Driver/Src/stm32l4xx_hal_i2c_ex.o
LOAD Drivers/STM32L4xx_HAL_Driver/Src/stm32l4xx_hal_pwr.o
LOAD Drivers/STM32L4xx_HAL_Driver/Src/stm32l4xx_hal_pwr_ex.o
LOAD Drivers/STM32L4xx_HAL_Driver/Src/stm32l4xx_hal_rcc.o
LOAD Drivers/STM32L4xx_HAL_Driver/Src/stm32l4xx_hal_rcc_ex.o
LOAD Drivers/STM32L4xx_HAL_Driver/Src/stm32l4xx_hal_spi.o
LOAD Drivers/STM32L4xx_HAL_Driver/Src/stm32l4xx_hal_spi_ex.o
LOAD Drivers/STM32L4xx_HAL_Driver/Src/stm32l4xx_hal_tim.o
LOAD Drivers/STM32L4xx_HAL_Driver/Src/stm32l4xx_hal_tim_ex.o
LOAD Drivers/STM32L4xx_HAL_Driver/Src/stm32l4xx_hal_uart.o
LOAD Drivers/STM32L4xx_HAL_Driver/Src/stm32l4xx_hal_uart_ex.o
LOAD Src/main.o
LOAD Src/stm32l4xx_hal_msp.o
LOAD Src/stm32l4xx_it.o
LOAD Src/syscalls.o
LOAD Src/system_stm32l4xx.o
LOAD startup/startup_stm32l476xx.o
LOAD c:/ac6/systemworkbench/plugins/fr.ac6.mcu.externaltools.arm-none.win32_1.17.0.201812190825/tools/compiler/bin/../lib/gcc/arm-none-eabi/7.3.1/../../../../arm-none-eabi/lib/thumb/v7e-m/fpv4-sp/softfp\libm.a
START GROUP
LOAD c:/ac6/systemworkbench/plugins/fr.ac6.mcu.externaltools.arm-none.win32_1.17.0.201812190825/tools/compiler/bin/../lib/gcc/arm-none-eabi/7.3.1/thumb/v7e-m/fpv4-sp/softfp\libgcc.a
LOAD c:/ac6/systemworkbench/plugins/fr.ac6.mcu.externaltools.arm-none.win32_1.17.0.201812190825/tools/compiler/bin/../lib/gcc/arm-none-eabi/7.3.1/../../../../arm-none-eabi/lib/thumb/v7e-m/fpv4-sp/softfp\libc_nano.a
END GROUP
START GROUP
LOAD c:/ac6/systemworkbench/plugins/fr.ac6.mcu.externaltools.arm-none.win32_1.17.0.201812190825/tools/compiler/bin/../lib/gcc/arm-none-eabi/7.3.1/thumb/v7e-m/fpv4-sp/softfp\libgcc.a
LOAD c:/ac6/systemworkbench/plugins/fr.ac6.mcu.externaltools.arm-none.win32_1.17.0.201812190825/tools/compiler/bin/../lib/gcc/arm-none-eabi/7.3.1/../../../../arm-none-eabi/lib/thumb/v7e-m/fpv4-sp/softfp\libc_nano.a
LOAD c:/ac6/systemworkbench/plugins/fr.ac6.mcu.externaltools.arm-none.win32_1.17.0.201812190825/tools/compiler/bin/../lib/gcc/arm-none-eabi/7.3.1/../../../../arm-none-eabi/lib/thumb/v7e-m/fpv4-sp/softfp\libnosys.a
END GROUP
START GROUP
LOAD c:/ac6/systemworkbench/plugins/fr.ac6.mcu.externaltools.arm-none.win32_1.17.0.201812190825/tools/compiler/bin/../lib/gcc/arm-none-eabi/7.3.1/thumb/v7e-m/fpv4-sp/softfp\libgcc.a
LOAD c:/ac6/systemworkbench/plugins/fr.ac6.mcu.externaltools.arm-none.win32_1.17.0.201812190825/tools/compiler/bin/../lib/gcc/arm-none-eabi/7.3.1/../../../../arm-none-eabi/lib/thumb/v7e-m/fpv4-sp/softfp\libc_nano.a
LOAD c:/ac6/systemworkbench/plugins/fr.ac6.mcu.externaltools.arm-none.win32_1.17.0.201812190825/tools/compiler/bin/../lib/gcc/arm-none-eabi/7.3.1/../../../../arm-none-eabi/lib/thumb/v7e-m/fpv4-sp/softfp\libnosys.a
END GROUP
LOAD c:/ac6/systemworkbench/plugins/fr.ac6.mcu.externaltools.arm-none.win32_1.17.0.201812190825/tools/compiler/bin/../lib/gcc/arm-none-eabi/7.3.1/thumb/v7e-m/fpv4-sp/softfp/crtend.o
LOAD c:/ac6/systemworkbench/plugins/fr.ac6.mcu.externaltools.arm-none.win32_1.17.0.201812190825/tools/compiler/bin/../lib/gcc/arm-none-eabi/7.3.1/thumb/v7e-m/fpv4-sp/softfp/crtn.o
                0x20018000                _estack = 0x20018000
                0x00000200                _Min_Heap_Size = 0x200
                0x00000400                _Min_Stack_Size = 0x400

.isr_vector     0x08000000      0x188
                0x08000000                . = ALIGN (0x8)
 *(.isr_vector)
 .isr_vector    0x08000000      0x188 startup/startup_stm32l476xx.o
                0x08000000                g_pfnVectors
                0x08000188                . = ALIGN (0x8)

.text           0x08000190     0x5bd8
                0x08000190                . = ALIGN (0x8)
 *(.text)
 .text          0x08000190       0x40 c:/ac6/systemworkbench/plugins/fr.ac6.mcu.externaltools.arm-none.win32_1.17.0.201812190825/tools/compiler/bin/../lib/gcc/arm-none-eabi/7.3.1/thumb/v7e-m/fpv4-sp/softfp/crtbegin.o
 .text          0x080001d0       0x30 c:/ac6/systemworkbench/plugins/fr.ac6.mcu.externaltools.arm-none.win32_1.17.0.201812190825/tools/compiler/bin/../lib/gcc/arm-none-eabi/7.3.1/thumb/v7e-m/fpv4-sp/softfp\libgcc.a(_aeabi_uldivmod.o)
                0x080001d0                __aeabi_uldivmod
 .text          0x08000200      0x2cc c:/ac6/systemworkbench/plugins/fr.ac6.mcu.externaltools.arm-none.win32_1.17.0.201812190825/tools/compiler/bin/../lib/gcc/arm-none-eabi/7.3.1/thumb/v7e-m/fpv4-sp/softfp\libgcc.a(_udivmoddi4.o)
                0x08000200                __udivmoddi4
 .text          0x080004cc        0x4 c:/ac6/systemworkbench/plugins/fr.ac6.mcu.externaltools.arm-none.win32_1.17.0.201812190825/tools/compiler/bin/../lib/gcc/arm-none-eabi/7.3.1/thumb/v7e-m/fpv4-sp/softfp\libgcc.a(_dvmd_tls.o)
                0x080004cc                __aeabi_idiv0
                0x080004cc                __aeabi_ldiv0
 .text          0x080004d0       0xa0 c:/ac6/systemworkbench/plugins/fr.ac6.mcu.externaltools.arm-none.win32_1.17.0.201812190825/tools/compiler/bin/../lib/gcc/arm-none-eabi/7.3.1/../../../../arm-none-eabi/lib/thumb/v7e-m/fpv4-sp/softfp\libc_nano.a(lib_a-memchr.o)
                0x080004d0                memchr
 *(.text*)
 .text.LSM303AGR_ACC_GetCapabilities
                0x08000570       0x24 Drivers/BSP/Components/lsm303agr/lsm303agr.o
                0x08000570                LSM303AGR_ACC_GetCapabilities
 .text.LSM303AGR_MAG_GetCapabilities
                0x08000594       0x24 Drivers/BSP/Components/lsm303agr/lsm303agr.o
                0x08000594                LSM303AGR_MAG_GetCapabilities
 .text.LSM303AGR_MAG_GetSensitivity
                0x080005b8        0xa Drivers/BSP/Components/lsm303agr/lsm303agr.o
                0x080005b8                LSM303AGR_MAG_GetSensitivity
 .text.LSM303AGR_MAG_GetFullScale
                0x080005c2        0x8 Drivers/BSP/Components/lsm303agr/lsm303agr.o
                0x080005c2                LSM303AGR_MAG_GetFullScale
 .text.LSM303AGR_MAG_SetFullScale
                0x080005ca        0x4 Drivers/BSP/Components/lsm303agr/lsm303agr.o
                0x080005ca                LSM303AGR_MAG_SetFullScale
 *fill*         0x080005ce        0x2 
 .text.LSM303AGR_ACC_SetOutputDataRate_When_Disabled
                0x080005d0       0x84 Drivers/BSP/Components/lsm303agr/lsm303agr.o
 .text.ReadMagRegWrap
                0x08000654       0x1e Drivers/BSP/Components/lsm303agr/lsm303agr.o
 .text.WriteMagRegWrap
                0x08000672       0x1e Drivers/BSP/Components/lsm303agr/lsm303agr.o
 .text.LSM303AGR_ACC_Enable
                0x08000690       0x30 Drivers/BSP/Components/lsm303agr/lsm303agr.o
                0x08000690                LSM303AGR_ACC_Enable
 .text.LSM303AGR_ACC_SetOutputDataRate_When_Enabled
                0x080006c0       0x90 Drivers/BSP/Components/lsm303agr/lsm303agr.o
 .text.LSM303AGR_ACC_SetOutputDataRate
                0x08000750       0x1e Drivers/BSP/Components/lsm303agr/lsm303agr.o
                0x08000750                LSM303AGR_ACC_SetOutputDataRate
 .text.LSM303AGR_ACC_Init
                0x0800076e       0x5a Drivers/BSP/Components/lsm303agr/lsm303agr.o
                0x0800076e                LSM303AGR_ACC_Init
 .text.LSM303AGR_ACC_SetFullScale
                0x080007c8       0x30 Drivers/BSP/Components/lsm303agr/lsm303agr.o
                0x080007c8                LSM303AGR_ACC_SetFullScale
 .text.LSM303AGR_ACC_ReadID
                0x080007f8       0x16 Drivers/BSP/Components/lsm303agr/lsm303agr.o
                0x080007f8                LSM303AGR_ACC_ReadID
 .text.LSM303AGR_ACC_Disable
                0x0800080e       0x40 Drivers/BSP/Components/lsm303agr/lsm303agr.o
                0x0800080e                LSM303AGR_ACC_Disable
 .text.LSM303AGR_ACC_DeInit
                0x0800084e       0x20 Drivers/BSP/Components/lsm303agr/lsm303agr.o
                0x0800084e                LSM303AGR_ACC_DeInit
 *fill*         0x0800086e        0x2 
 .text.LSM303AGR_ACC_GetOutputDataRate
                0x08000870      0x114 Drivers/BSP/Components/lsm303agr/lsm303agr.o
                0x08000870                LSM303AGR_ACC_GetOutputDataRate
 .text.LSM303AGR_ACC_GetSensitivityHR
                0x08000984       0x5c Drivers/BSP/Components/lsm303agr/lsm303agr.o
 .text.LSM303AGR_ACC_GetSensitivityNM
                0x080009e0       0x5c Drivers/BSP/Components/lsm303agr/lsm303agr.o
 .text.LSM303AGR_ACC_GetSensitivityLP
                0x08000a3c       0x5c Drivers/BSP/Components/lsm303agr/lsm303agr.o
 .text.LSM303AGR_ACC_GetSensitivity
                0x08000a98       0x6e Drivers/BSP/Components/lsm303agr/lsm303agr.o
                0x08000a98                LSM303AGR_ACC_GetSensitivity
 .text.LSM303AGR_ACC_GetFullScale
                0x08000b06       0x4c Drivers/BSP/Components/lsm303agr/lsm303agr.o
                0x08000b06                LSM303AGR_ACC_GetFullScale
 .text.LSM303AGR_ACC_GetAxesRaw
                0x08000b52       0x72 Drivers/BSP/Components/lsm303agr/lsm303agr.o
                0x08000b52                LSM303AGR_ACC_GetAxesRaw
 .text.LSM303AGR_ACC_GetAxes
                0x08000bc4       0x7e Drivers/BSP/Components/lsm303agr/lsm303agr.o
                0x08000bc4                LSM303AGR_ACC_GetAxes
 .text.LSM303AGR_MAG_Enable
                0x08000c42       0x2e Drivers/BSP/Components/lsm303agr/lsm303agr.o
                0x08000c42                LSM303AGR_MAG_Enable
 .text.LSM303AGR_MAG_Disable
                0x08000c70       0x2c Drivers/BSP/Components/lsm303agr/lsm303agr.o
                0x08000c70                LSM303AGR_MAG_Disable
 .text.LSM303AGR_MAG_DeInit
                0x08000c9c       0x1c Drivers/BSP/Components/lsm303agr/lsm303agr.o
                0x08000c9c                LSM303AGR_MAG_DeInit
 .text.LSM303AGR_MAG_SetOutputDataRate
                0x08000cb8       0x58 Drivers/BSP/Components/lsm303agr/lsm303agr.o
                0x08000cb8                LSM303AGR_MAG_SetOutputDataRate
 .text.LSM303AGR_MAG_Init
                0x08000d10       0x54 Drivers/BSP/Components/lsm303agr/lsm303agr.o
                0x08000d10                LSM303AGR_MAG_Init
 .text.LSM303AGR_MAG_ReadID
                0x08000d64       0x16 Drivers/BSP/Components/lsm303agr/lsm303agr.o
                0x08000d64                LSM303AGR_MAG_ReadID
 *fill*         0x08000d7a        0x2 
 .text.LSM303AGR_MAG_GetOutputDataRate
                0x08000d7c       0x5c Drivers/BSP/Components/lsm303agr/lsm303agr.o
                0x08000d7c                LSM303AGR_MAG_GetOutputDataRate
 .text.LSM303AGR_MAG_GetAxesRaw
                0x08000dd8       0x30 Drivers/BSP/Components/lsm303agr/lsm303agr.o
                0x08000dd8                LSM303AGR_MAG_GetAxesRaw
 .text.LSM303AGR_MAG_GetAxes
                0x08000e08       0x74 Drivers/BSP/Components/lsm303agr/lsm303agr.o
                0x08000e08                LSM303AGR_MAG_GetAxes
 .text.LSM303AGR_MAG_RegisterBusIO
                0x08000e7c       0x78 Drivers/BSP/Components/lsm303agr/lsm303agr.o
                0x08000e7c                LSM303AGR_MAG_RegisterBusIO
 .text.lsm303agr_read_reg
                0x08000ef4        0xa Drivers/BSP/Components/lsm303agr/lsm303agr_reg.o
                0x08000ef4                lsm303agr_read_reg
 .text.lsm303agr_write_reg
                0x08000efe        0xa Drivers/BSP/Components/lsm303agr/lsm303agr_reg.o
                0x08000efe                lsm303agr_write_reg
 .text.lsm303agr_xl_operating_mode_get
                0x08000f08       0x46 Drivers/BSP/Components/lsm303agr/lsm303agr_reg.o
                0x08000f08                lsm303agr_xl_operating_mode_get
 .text.lsm303agr_xl_data_rate_set
                0x08000f4e       0x2e Drivers/BSP/Components/lsm303agr/lsm303agr_reg.o
                0x08000f4e                lsm303agr_xl_data_rate_set
 .text.lsm303agr_xl_data_rate_get
                0x08000f7c       0x1e Drivers/BSP/Components/lsm303agr/lsm303agr_reg.o
                0x08000f7c                lsm303agr_xl_data_rate_get
 .text.lsm303agr_xl_full_scale_set
                0x08000f9a       0x2e Drivers/BSP/Components/lsm303agr/lsm303agr_reg.o
                0x08000f9a                lsm303agr_xl_full_scale_set
 .text.lsm303agr_xl_full_scale_get
                0x08000fc8       0x1e Drivers/BSP/Components/lsm303agr/lsm303agr_reg.o
                0x08000fc8                lsm303agr_xl_full_scale_get
 .text.lsm303agr_xl_block_data_update_set
                0x08000fe6       0x2e Drivers/BSP/Components/lsm303agr/lsm303agr_reg.o
                0x08000fe6                lsm303agr_xl_block_data_update_set
 .text.lsm303agr_acceleration_raw_get
                0x08001014        0xe Drivers/BSP/Components/lsm303agr/lsm303agr_reg.o
                0x08001014                lsm303agr_acceleration_raw_get
 .text.lsm303agr_mag_operating_mode_set
                0x08001022       0x2e Drivers/BSP/Components/lsm303agr/lsm303agr_reg.o
                0x08001022                lsm303agr_mag_operating_mode_set
 .text.lsm303agr_mag_data_rate_set
                0x08001050       0x2e Drivers/BSP/Components/lsm303agr/lsm303agr_reg.o
                0x08001050                lsm303agr_mag_data_rate_set
 .text.lsm303agr_mag_data_rate_get
                0x0800107e       0x1e Drivers/BSP/Components/lsm303agr/lsm303agr_reg.o
                0x0800107e                lsm303agr_mag_data_rate_get
 .text.lsm303agr_mag_block_data_update_set
                0x0800109c       0x2e Drivers/BSP/Components/lsm303agr/lsm303agr_reg.o
                0x0800109c                lsm303agr_mag_block_data_update_set
 .text.lsm303agr_magnetic_raw_get
                0x080010ca        0xe Drivers/BSP/Components/lsm303agr/lsm303agr_reg.o
                0x080010ca                lsm303agr_magnetic_raw_get
 .text.lsm303agr_xl_device_id_get
                0x080010d8        0xe Drivers/BSP/Components/lsm303agr/lsm303agr_reg.o
                0x080010d8                lsm303agr_xl_device_id_get
 .text.lsm303agr_mag_device_id_get
                0x080010e6        0xe Drivers/BSP/Components/lsm303agr/lsm303agr_reg.o
                0x080010e6                lsm303agr_mag_device_id_get
 .text.lsm303agr_mag_self_test_set
                0x080010f4       0x2e Drivers/BSP/Components/lsm303agr/lsm303agr_reg.o
                0x080010f4                lsm303agr_mag_self_test_set
 .text.lsm303agr_xl_fifo_mode_set
                0x08001122       0x2e Drivers/BSP/Components/lsm303agr/lsm303agr_reg.o
                0x08001122                lsm303agr_xl_fifo_mode_set
 .text.lsm303agr_mag_i2c_interface_set
                0x08001150       0x2e Drivers/BSP/Components/lsm303agr/lsm303agr_reg.o
                0x08001150                lsm303agr_mag_i2c_interface_set
 *fill*         0x0800117e        0x2 
 .text.LSM6DSM_GetCapabilities
                0x08001180       0x28 Drivers/BSP/Components/lsm6dsm/lsm6dsm.o
                0x08001180                LSM6DSM_GetCapabilities
 .text.LSM6DSM_ACC_SetOutputDataRate_When_Disabled
                0x080011a8       0xc8 Drivers/BSP/Components/lsm6dsm/lsm6dsm.o
 .text.LSM6DSM_GYRO_SetOutputDataRate_When_Disabled
                0x08001270       0xc8 Drivers/BSP/Components/lsm6dsm/lsm6dsm.o
 .text.ReadRegWrap
                0x08001338        0xa Drivers/BSP/Components/lsm6dsm/lsm6dsm.o
 .text.WriteRegWrap
                0x08001342        0xa Drivers/BSP/Components/lsm6dsm/lsm6dsm.o
 .text.LSM6DSM_ACC_Enable
                0x0800134c       0x30 Drivers/BSP/Components/lsm6dsm/lsm6dsm.o
                0x0800134c                LSM6DSM_ACC_Enable
 .text.LSM6DSM_ACC_SetOutputDataRate_When_Enabled
                0x0800137c       0xd8 Drivers/BSP/Components/lsm6dsm/lsm6dsm.o
 .text.LSM6DSM_ACC_SetOutputDataRate
                0x08001454       0x1e Drivers/BSP/Components/lsm6dsm/lsm6dsm.o
                0x08001454                LSM6DSM_ACC_SetOutputDataRate
 .text.LSM6DSM_ACC_SetFullScale
                0x08001472       0x30 Drivers/BSP/Components/lsm6dsm/lsm6dsm.o
                0x08001472                LSM6DSM_ACC_SetFullScale
 .text.LSM6DSM_GYRO_Enable
                0x080014a2       0x30 Drivers/BSP/Components/lsm6dsm/lsm6dsm.o
                0x080014a2                LSM6DSM_GYRO_Enable
 *fill*         0x080014d2        0x2 
 .text.LSM6DSM_GYRO_SetOutputDataRate_When_Enabled
                0x080014d4       0xd8 Drivers/BSP/Components/lsm6dsm/lsm6dsm.o
 .text.LSM6DSM_GYRO_SetOutputDataRate
                0x080015ac       0x1e Drivers/BSP/Components/lsm6dsm/lsm6dsm.o
                0x080015ac                LSM6DSM_GYRO_SetOutputDataRate
 .text.LSM6DSM_Init
                0x080015ca       0x90 Drivers/BSP/Components/lsm6dsm/lsm6dsm.o
                0x080015ca                LSM6DSM_Init
 .text.LSM6DSM_GYRO_SetFullScale
                0x0800165a       0x3c Drivers/BSP/Components/lsm6dsm/lsm6dsm.o
                0x0800165a                LSM6DSM_GYRO_SetFullScale
 .text.LSM6DSM_ReadID
                0x08001696       0x16 Drivers/BSP/Components/lsm6dsm/lsm6dsm.o
                0x08001696                LSM6DSM_ReadID
 .text.LSM6DSM_ACC_Disable
                0x080016ac       0x40 Drivers/BSP/Components/lsm6dsm/lsm6dsm.o
                0x080016ac                LSM6DSM_ACC_Disable
 .text.LSM6DSM_ACC_GetOutputDataRate
                0x080016ec       0xb4 Drivers/BSP/Components/lsm6dsm/lsm6dsm.o
                0x080016ec                LSM6DSM_ACC_GetOutputDataRate
 .text.LSM6DSM_ACC_GetSensitivity
                0x080017a0       0x5c Drivers/BSP/Components/lsm6dsm/lsm6dsm.o
                0x080017a0                LSM6DSM_ACC_GetSensitivity
 .text.LSM6DSM_ACC_GetFullScale
                0x080017fc       0x4c Drivers/BSP/Components/lsm6dsm/lsm6dsm.o
                0x080017fc                LSM6DSM_ACC_GetFullScale
 .text.LSM6DSM_ACC_GetAxesRaw
                0x08001848       0x30 Drivers/BSP/Components/lsm6dsm/lsm6dsm.o
                0x08001848                LSM6DSM_ACC_GetAxesRaw
 .text.LSM6DSM_ACC_GetAxes
                0x08001878       0x80 Drivers/BSP/Components/lsm6dsm/lsm6dsm.o
                0x08001878                LSM6DSM_ACC_GetAxes
 .text.LSM6DSM_GYRO_Disable
                0x080018f8       0x40 Drivers/BSP/Components/lsm6dsm/lsm6dsm.o
                0x080018f8                LSM6DSM_GYRO_Disable
 .text.LSM6DSM_DeInit
                0x08001938       0x32 Drivers/BSP/Components/lsm6dsm/lsm6dsm.o
                0x08001938                LSM6DSM_DeInit
 *fill*         0x0800196a        0x2 
 .text.LSM6DSM_GYRO_GetOutputDataRate
                0x0800196c       0xa8 Drivers/BSP/Components/lsm6dsm/lsm6dsm.o
                0x0800196c                LSM6DSM_GYRO_GetOutputDataRate
 .text.LSM6DSM_GYRO_GetSensitivity
                0x08001a14       0x6c Drivers/BSP/Components/lsm6dsm/lsm6dsm.o
                0x08001a14                LSM6DSM_GYRO_GetSensitivity
 .text.LSM6DSM_GYRO_GetFullScale
                0x08001a80       0x5c Drivers/BSP/Components/lsm6dsm/lsm6dsm.o
                0x08001a80                LSM6DSM_GYRO_GetFullScale
 .text.LSM6DSM_GYRO_GetAxesRaw
                0x08001adc       0x30 Drivers/BSP/Components/lsm6dsm/lsm6dsm.o
                0x08001adc                LSM6DSM_GYRO_GetAxesRaw
 .text.LSM6DSM_GYRO_GetAxes
                0x08001b0c       0x7c Drivers/BSP/Components/lsm6dsm/lsm6dsm.o
                0x08001b0c                LSM6DSM_GYRO_GetAxes
 .text.LSM6DSM_Write_Reg
                0x08001b88       0x24 Drivers/BSP/Components/lsm6dsm/lsm6dsm.o
                0x08001b88                LSM6DSM_Write_Reg
 .text.LSM6DSM_RegisterBusIO
                0x08001bac       0x7c Drivers/BSP/Components/lsm6dsm/lsm6dsm.o
                0x08001bac                LSM6DSM_RegisterBusIO
 .text.lsm6dsm_read_reg
                0x08001c28        0xa Drivers/BSP/Components/lsm6dsm/lsm6dsm_reg.o
                0x08001c28                lsm6dsm_read_reg
 .text.lsm6dsm_write_reg
                0x08001c32        0xa Drivers/BSP/Components/lsm6dsm/lsm6dsm_reg.o
                0x08001c32                lsm6dsm_write_reg
 .text.lsm6dsm_xl_full_scale_set
                0x08001c3c       0x38 Drivers/BSP/Components/lsm6dsm/lsm6dsm_reg.o
                0x08001c3c                lsm6dsm_xl_full_scale_set
 .text.lsm6dsm_xl_full_scale_get
                0x08001c74       0x44 Drivers/BSP/Components/lsm6dsm/lsm6dsm_reg.o
                0x08001c74                lsm6dsm_xl_full_scale_get
 .text.lsm6dsm_xl_data_rate_set
                0x08001cb8       0x38 Drivers/BSP/Components/lsm6dsm/lsm6dsm_reg.o
                0x08001cb8                lsm6dsm_xl_data_rate_set
 .text.lsm6dsm_xl_data_rate_get
                0x08001cf0       0x7a Drivers/BSP/Components/lsm6dsm/lsm6dsm_reg.o
                0x08001cf0                lsm6dsm_xl_data_rate_get
 .text.lsm6dsm_gy_full_scale_set
                0x08001d6a       0x38 Drivers/BSP/Components/lsm6dsm/lsm6dsm_reg.o
                0x08001d6a                lsm6dsm_gy_full_scale_set
 .text.lsm6dsm_gy_full_scale_get
                0x08001da2       0x4e Drivers/BSP/Components/lsm6dsm/lsm6dsm_reg.o
                0x08001da2                lsm6dsm_gy_full_scale_get
 .text.lsm6dsm_gy_data_rate_set
                0x08001df0       0x38 Drivers/BSP/Components/lsm6dsm/lsm6dsm_reg.o
                0x08001df0                lsm6dsm_gy_data_rate_set
 .text.lsm6dsm_gy_data_rate_get
                0x08001e28       0x74 Drivers/BSP/Components/lsm6dsm/lsm6dsm_reg.o
                0x08001e28                lsm6dsm_gy_data_rate_get
 .text.lsm6dsm_block_data_update_set
                0x08001e9c       0x38 Drivers/BSP/Components/lsm6dsm/lsm6dsm_reg.o
                0x08001e9c                lsm6dsm_block_data_update_set
 .text.lsm6dsm_angular_rate_raw_get
                0x08001ed4        0xe Drivers/BSP/Components/lsm6dsm/lsm6dsm_reg.o
                0x08001ed4                lsm6dsm_angular_rate_raw_get
 .text.lsm6dsm_acceleration_raw_get
                0x08001ee2        0xe Drivers/BSP/Components/lsm6dsm/lsm6dsm_reg.o
                0x08001ee2                lsm6dsm_acceleration_raw_get
 .text.lsm6dsm_device_id_get
                0x08001ef0        0xe Drivers/BSP/Components/lsm6dsm/lsm6dsm_reg.o
                0x08001ef0                lsm6dsm_device_id_get
 .text.lsm6dsm_auto_increment_set
                0x08001efe       0x38 Drivers/BSP/Components/lsm6dsm/lsm6dsm_reg.o
                0x08001efe                lsm6dsm_auto_increment_set
 .text.lsm6dsm_fifo_mode_set
                0x08001f36       0x38 Drivers/BSP/Components/lsm6dsm/lsm6dsm_reg.o
                0x08001f36                lsm6dsm_fifo_mode_set
 *fill*         0x08001f6e        0x2 
 .text.BSP_LED_Init
                0x08001f70       0x80 Drivers/BSP/SensorTile/SensorTile.o
                0x08001f70                BSP_LED_Init
 .text.BSP_LED_On
                0x08001ff0       0x40 Drivers/BSP/SensorTile/SensorTile.o
                0x08001ff0                BSP_LED_On
 .text.BSP_LED_Off
                0x08002030       0x40 Drivers/BSP/SensorTile/SensorTile.o
                0x08002030                BSP_LED_Off
 .text.BSP_LED_Toggle
                0x08002070       0x20 Drivers/BSP/SensorTile/SensorTile.o
                0x08002070                BSP_LED_Toggle
 .text.SPI2_MspInit
                0x08002090       0x54 Drivers/BSP/SensorTile/SensorTile_bus.o
 .text.SPI2_MspDeInit
                0x080020e4       0x20 Drivers/BSP/SensorTile/SensorTile_bus.o
 .text.BSP_SPI2_DeInit
                0x08002104       0x20 Drivers/BSP/SensorTile/SensorTile_bus.o
                0x08002104                BSP_SPI2_DeInit
 .text.BSP_SPI2_Send
                0x08002124       0x24 Drivers/BSP/SensorTile/SensorTile_bus.o
                0x08002124                BSP_SPI2_Send
 .text.BSP_GetTick
                0x08002148        0x8 Drivers/BSP/SensorTile/SensorTile_bus.o
                0x08002148                BSP_GetTick
 .text.MX_SPI2_Init
                0x08002150       0x70 Drivers/BSP/SensorTile/SensorTile_bus.o
                0x08002150                MX_SPI2_Init
 .text.BSP_SPI2_Init
                0x080021c0       0x34 Drivers/BSP/SensorTile/SensorTile_bus.o
                0x080021c0                BSP_SPI2_Init
 .text.LSM6DSM_SPI_Read
                0x080021f4       0x3a Drivers/BSP/SensorTile/SensorTile_motion_sensors.o
 .text.LSM6DSM_SPI_Write
                0x0800222e       0x20 Drivers/BSP/SensorTile/SensorTile_motion_sensors.o
 .text.LSM303AGR_SPI_Read
                0x0800224e       0x3a Drivers/BSP/SensorTile/SensorTile_motion_sensors.o
 .text.LSM303AGR_SPI_Write
                0x08002288       0x20 Drivers/BSP/SensorTile/SensorTile_motion_sensors.o
 .text.LSM6DSM_0_Probe
                0x080022a8       0xf8 Drivers/BSP/SensorTile/SensorTile_motion_sensors.o
 .text.BSP_LSM6DSM_ReadReg
                0x080023a0       0x84 Drivers/BSP/SensorTile/SensorTile_motion_sensors.o
 .text.BSP_LSM303AGR_ReadReg
                0x08002424       0x80 Drivers/BSP/SensorTile/SensorTile_motion_sensors.o
 .text.BSP_LSM6DSM_WriteReg
                0x080024a4       0x58 Drivers/BSP/SensorTile/SensorTile_motion_sensors.o
 .text.BSP_LSM303AGR_WriteReg
                0x080024fc       0x54 Drivers/BSP/SensorTile/SensorTile_motion_sensors.o
 .text.BSP_LSM6DSM_DeInit
                0x08002550       0x14 Drivers/BSP/SensorTile/SensorTile_motion_sensors.o
 .text.BSP_LSM303AGR_DeInit
                0x08002564       0x14 Drivers/BSP/SensorTile/SensorTile_motion_sensors.o
 .text.BSP_LSM6DSM_Init
                0x08002578       0x6c Drivers/BSP/SensorTile/SensorTile_motion_sensors.o
 .text.BSP_LSM303AGR_Init
                0x080025e4       0xa8 Drivers/BSP/SensorTile/SensorTile_motion_sensors.o
 .text.LSM303AGR_MAG_0_Probe
                0x0800268c       0xd4 Drivers/BSP/SensorTile/SensorTile_motion_sensors.o
 .text.BSP_MOTION_SENSOR_Init
                0x08002760      0x124 Drivers/BSP/SensorTile/SensorTile_motion_sensors.o
                0x08002760                BSP_MOTION_SENSOR_Init
 .text.BSP_MOTION_SENSOR_GetAxesRaw
                0x08002884       0x5c Drivers/BSP/SensorTile/SensorTile_motion_sensors.o
                0x08002884                BSP_MOTION_SENSOR_GetAxesRaw
 .text.BSP_MOTION_SENSOR_SetFullScale
                0x080028e0       0x5c Drivers/BSP/SensorTile/SensorTile_motion_sensors.o
                0x080028e0                BSP_MOTION_SENSOR_SetFullScale
 .text.HAL_InitTick
                0x0800293c       0x4c Drivers/STM32L4xx_HAL_Driver/Src/stm32l4xx_hal.o
                0x0800293c                HAL_InitTick
 .text.HAL_Init
                0x08002988       0x1e Drivers/STM32L4xx_HAL_Driver/Src/stm32l4xx_hal.o
                0x08002988                HAL_Init
 *fill*         0x080029a6        0x2 
 .text.HAL_IncTick
                0x080029a8       0x18 Drivers/STM32L4xx_HAL_Driver/Src/stm32l4xx_hal.o
                0x080029a8                HAL_IncTick
 .text.HAL_GetTick
                0x080029c0        0xc Drivers/STM32L4xx_HAL_Driver/Src/stm32l4xx_hal.o
                0x080029c0                HAL_GetTick
 .text.HAL_Delay
                0x080029cc       0x28 Drivers/STM32L4xx_HAL_Driver/Src/stm32l4xx_hal.o
                0x080029cc                HAL_Delay
 .text.HAL_NVIC_SetPriorityGrouping
                0x080029f4       0x24 Drivers/STM32L4xx_HAL_Driver/Src/stm32l4xx_hal_cortex.o
                0x080029f4                HAL_NVIC_SetPriorityGrouping
 .text.HAL_NVIC_SetPriority
                0x08002a18       0x68 Drivers/STM32L4xx_HAL_Driver/Src/stm32l4xx_hal_cortex.o
                0x08002a18                HAL_NVIC_SetPriority
 .text.HAL_SYSTICK_Config
                0x08002a80       0x2c Drivers/STM32L4xx_HAL_Driver/Src/stm32l4xx_hal_cortex.o
                0x08002a80                HAL_SYSTICK_Config
 .text.HAL_GPIO_Init
                0x08002aac      0x1d4 Drivers/STM32L4xx_HAL_Driver/Src/stm32l4xx_hal_gpio.o
                0x08002aac                HAL_GPIO_Init
 .text.HAL_GPIO_DeInit
                0x08002c80      0x120 Drivers/STM32L4xx_HAL_Driver/Src/stm32l4xx_hal_gpio.o
                0x08002c80                HAL_GPIO_DeInit
 .text.HAL_GPIO_WritePin
                0x08002da0        0xa Drivers/STM32L4xx_HAL_Driver/Src/stm32l4xx_hal_gpio.o
                0x08002da0                HAL_GPIO_WritePin
 .text.HAL_GPIO_TogglePin
                0x08002daa        0xe Drivers/STM32L4xx_HAL_Driver/Src/stm32l4xx_hal_gpio.o
                0x08002daa                HAL_GPIO_TogglePin
 .text.HAL_PWREx_GetVoltageRange
                0x08002db8       0x10 Drivers/STM32L4xx_HAL_Driver/Src/stm32l4xx_hal_pwr_ex.o
                0x08002db8                HAL_PWREx_GetVoltageRange
 .text.HAL_PWREx_ControlVoltageScaling
                0x08002dc8       0x90 Drivers/STM32L4xx_HAL_Driver/Src/stm32l4xx_hal_pwr_ex.o
                0x08002dc8                HAL_PWREx_ControlVoltageScaling
 .text.HAL_PWREx_EnableVddIO2
                0x08002e58       0x10 Drivers/STM32L4xx_HAL_Driver/Src/stm32l4xx_hal_pwr_ex.o
                0x08002e58                HAL_PWREx_EnableVddIO2
 .text.RCC_SetFlashLatencyFromMSIRange
                0x08002e68       0x90 Drivers/STM32L4xx_HAL_Driver/Src/stm32l4xx_hal_rcc.o
 .text.HAL_RCC_GetSysClockFreq
                0x08002ef8       0xb4 Drivers/STM32L4xx_HAL_Driver/Src/stm32l4xx_hal_rcc.o
                0x08002ef8                HAL_RCC_GetSysClockFreq
 .text.HAL_RCC_OscConfig
                0x08002fac      0x5dc Drivers/STM32L4xx_HAL_Driver/Src/stm32l4xx_hal_rcc.o
                0x08002fac                HAL_RCC_OscConfig
 .text.HAL_RCC_ClockConfig
                0x08003588      0x158 Drivers/STM32L4xx_HAL_Driver/Src/stm32l4xx_hal_rcc.o
                0x08003588                HAL_RCC_ClockConfig
 .text.HAL_RCC_GetHCLKFreq
                0x080036e0        0xc Drivers/STM32L4xx_HAL_Driver/Src/stm32l4xx_hal_rcc.o
                0x080036e0                HAL_RCC_GetHCLKFreq
 .text.HAL_RCC_GetPCLK1Freq
                0x080036ec       0x24 Drivers/STM32L4xx_HAL_Driver/Src/stm32l4xx_hal_rcc.o
                0x080036ec                HAL_RCC_GetPCLK1Freq
 .text.HAL_RCC_GetPCLK2Freq
                0x08003710       0x24 Drivers/STM32L4xx_HAL_Driver/Src/stm32l4xx_hal_rcc.o
                0x08003710                HAL_RCC_GetPCLK2Freq
 .text.RCCEx_PLLSAI1_Config
                0x08003734      0x170 Drivers/STM32L4xx_HAL_Driver/Src/stm32l4xx_hal_rcc_ex.o
 .text.RCCEx_PLLSAI2_Config
                0x080038a4      0x14c Drivers/STM32L4xx_HAL_Driver/Src/stm32l4xx_hal_rcc_ex.o
 .text.HAL_RCCEx_PeriphCLKConfig
                0x080039f0      0x450 Drivers/STM32L4xx_HAL_Driver/Src/stm32l4xx_hal_rcc_ex.o
                0x080039f0                HAL_RCCEx_PeriphCLKConfig
 .text.SPI_WaitFlagStateUntilTimeout
                0x08003e40       0x90 Drivers/STM32L4xx_HAL_Driver/Src/stm32l4xx_hal_spi.o
 .text.SPI_WaitFifoStateUntilTimeout
                0x08003ed0       0x98 Drivers/STM32L4xx_HAL_Driver/Src/stm32l4xx_hal_spi.o
 .text.SPI_EndRxTxTransaction
                0x08003f68       0x66 Drivers/STM32L4xx_HAL_Driver/Src/stm32l4xx_hal_spi.o
 .text.HAL_SPI_Init
                0x08003fce       0xb0 Drivers/STM32L4xx_HAL_Driver/Src/stm32l4xx_hal_spi.o
                0x08003fce                HAL_SPI_Init
 .text.HAL_SPI_DeInit
                0x0800407e       0x2c Drivers/STM32L4xx_HAL_Driver/Src/stm32l4xx_hal_spi.o
                0x0800407e                HAL_SPI_DeInit
 .text.HAL_SPI_Transmit
                0x080040aa      0x1dc Drivers/STM32L4xx_HAL_Driver/Src/stm32l4xx_hal_spi.o
                0x080040aa                HAL_SPI_Transmit
 .text.HAL_SPI_GetState
                0x08004286        0x6 Drivers/STM32L4xx_HAL_Driver/Src/stm32l4xx_hal_spi.o
                0x08004286                HAL_SPI_GetState
 .text.UART_SetConfig
                0x0800428c      0x424 Drivers/STM32L4xx_HAL_Driver/Src/stm32l4xx_hal_uart.o
                0x0800428c                UART_SetConfig
 .text.UART_AdvFeatureConfig
                0x080046b0       0xca Drivers/STM32L4xx_HAL_Driver/Src/stm32l4xx_hal_uart.o
                0x080046b0                UART_AdvFeatureConfig
 .text.UART_WaitOnFlagUntilTimeout
                0x0800477a       0x60 Drivers/STM32L4xx_HAL_Driver/Src/stm32l4xx_hal_uart.o
                0x0800477a                UART_WaitOnFlagUntilTimeout
 .text.HAL_UART_Transmit
                0x080047da       0xd8 Drivers/STM32L4xx_HAL_Driver/Src/stm32l4xx_hal_uart.o
                0x080047da                HAL_UART_Transmit
 .text.UART_CheckIdleState
                0x080048b2       0x6c Drivers/STM32L4xx_HAL_Driver/Src/stm32l4xx_hal_uart.o
                0x080048b2                UART_CheckIdleState
 .text.HAL_UART_Init
                0x0800491e       0x62 Drivers/STM32L4xx_HAL_Driver/Src/stm32l4xx_hal_uart.o
                0x0800491e                HAL_UART_Init
 .text.MX_GPIO_Init
                0x08004980       0x98 Src/main.o
 .text.MX_SPI2_Init
                0x08004a18       0x48 Src/main.o
 .text.MX_UART5_Init
                0x08004a60       0x30 Src/main.o
 .text.__io_putchar
                0x08004a90       0x24 Src/main.o
                0x08004a90                __io_putchar
 .text.SystemClock_Config
                0x08004ab4       0x78 Src/main.o
                0x08004ab4                SystemClock_Config
 .text.main     0x08004b2c       0x68 Src/main.o
                0x08004b2c                main
 .text.HAL_MspInit
                0x08004b94       0x30 Src/stm32l4xx_hal_msp.o
                0x08004b94                HAL_MspInit
 .text.HAL_SPI_MspInit
                0x08004bc4       0x6c Src/stm32l4xx_hal_msp.o
                0x08004bc4                HAL_SPI_MspInit
 .text.HAL_SPI_MspDeInit
                0x08004c30       0x30 Src/stm32l4xx_hal_msp.o
                0x08004c30                HAL_SPI_MspDeInit
 .text.HAL_UART_MspInit
                0x08004c60       0x94 Src/stm32l4xx_hal_msp.o
                0x08004c60                HAL_UART_MspInit
 .text.NMI_Handler
                0x08004cf4        0x2 Src/stm32l4xx_it.o
                0x08004cf4                NMI_Handler
 *fill*         0x08004cf6        0x2 
 .text.HardFault_Handler
                0x08004cf8       0x28 Src/stm32l4xx_it.o
                0x08004cf8                HardFault_Handler
 .text.MemManage_Handler
                0x08004d20        0x2 Src/stm32l4xx_it.o
                0x08004d20                MemManage_Handler
 .text.BusFault_Handler
                0x08004d22        0x2 Src/stm32l4xx_it.o
                0x08004d22                BusFault_Handler
 .text.UsageFault_Handler
                0x08004d24        0x2 Src/stm32l4xx_it.o
                0x08004d24                UsageFault_Handler
 .text.SVC_Handler
                0x08004d26        0x2 Src/stm32l4xx_it.o
                0x08004d26                SVC_Handler
 .text.DebugMon_Handler
                0x08004d28        0x2 Src/stm32l4xx_it.o
                0x08004d28                DebugMon_Handler
 .text.PendSV_Handler
                0x08004d2a        0x2 Src/stm32l4xx_it.o
                0x08004d2a                PendSV_Handler
 .text.SysTick_Handler
                0x08004d2c        0x8 Src/stm32l4xx_it.o
                0x08004d2c                SysTick_Handler
 .text._read    0x08004d34       0x1c Src/syscalls.o
                0x08004d34                _read
 .text._write   0x08004d50       0x1c Src/syscalls.o
                0x08004d50                _write
 .text._sbrk    0x08004d6c       0x3c Src/syscalls.o
                0x08004d6c                _sbrk
 .text._close   0x08004da8        0x6 Src/syscalls.o
                0x08004da8                _close
 .text._fstat   0x08004dae        0xa Src/syscalls.o
                0x08004dae                _fstat
 .text._isatty  0x08004db8        0x4 Src/syscalls.o
                0x08004db8                _isatty
 .text._lseek   0x08004dbc        0x4 Src/syscalls.o
                0x08004dbc                _lseek
 .text.SystemInit
                0x08004dc0       0x48 Src/system_stm32l4xx.o
                0x08004dc0                SystemInit
 .text.Reset_Handler
                0x08004e08       0x50 startup/startup_stm32l476xx.o
                0x08004e08                Reset_Handler
 .text.Default_Handler
                0x08004e58        0x2 startup/startup_stm32l476xx.o
                0x08004e58                RTC_Alarm_IRQHandler
                0x08004e58                EXTI2_IRQHandler
                0x08004e58                TIM8_TRG_COM_IRQHandler
                0x08004e58                TIM8_CC_IRQHandler
                0x08004e58                TIM1_CC_IRQHandler
                0x08004e58                TSC_IRQHandler
                0x08004e58                TAMP_STAMP_IRQHandler
                0x08004e58                EXTI3_IRQHandler
                0x08004e58                LPTIM2_IRQHandler
                0x08004e58                DFSDM1_FLT1_IRQHandler
                0x08004e58                I2C3_ER_IRQHandler
                0x08004e58                DFSDM1_FLT2_IRQHandler
                0x08004e58                EXTI0_IRQHandler
                0x08004e58                I2C2_EV_IRQHandler
                0x08004e58                CAN1_RX0_IRQHandler
                0x08004e58                FPU_IRQHandler
                0x08004e58                TIM1_UP_TIM16_IRQHandler
                0x08004e58                ADC1_2_IRQHandler
                0x08004e58                SPI1_IRQHandler
                0x08004e58                TIM6_DAC_IRQHandler
                0x08004e58                TIM8_UP_IRQHandler
                0x08004e58                DMA2_Channel2_IRQHandler
                0x08004e58                DMA1_Channel4_IRQHandler
                0x08004e58                SAI2_IRQHandler
                0x08004e58                DFSDM1_FLT3_IRQHandler
                0x08004e58                USART3_IRQHandler
                0x08004e58                DMA1_Channel7_IRQHandler
                0x08004e58                CAN1_RX1_IRQHandler
                0x08004e58                LCD_IRQHandler
                0x08004e58                UART5_IRQHandler
                0x08004e58                ADC3_IRQHandler
                0x08004e58                TIM4_IRQHandler
                0x08004e58                DMA2_Channel1_IRQHandler
                0x08004e58                QUADSPI_IRQHandler
                0x08004e58                I2C1_EV_IRQHandler
                0x08004e58                DMA1_Channel6_IRQHandler
                0x08004e58                UART4_IRQHandler
                0x08004e58                DMA2_Channel4_IRQHandler
                0x08004e58                TIM3_IRQHandler
                0x08004e58                RCC_IRQHandler
                0x08004e58                DMA1_Channel1_IRQHandler
                0x08004e58                Default_Handler
                0x08004e58                DMA2_Channel7_IRQHandler
                0x08004e58                EXTI15_10_IRQHandler
                0x08004e58                TIM7_IRQHandler
                0x08004e58                SDMMC1_IRQHandler
                0x08004e58                TIM5_IRQHandler
                0x08004e58                I2C3_EV_IRQHandler
                0x08004e58                EXTI9_5_IRQHandler
                0x08004e58                RTC_WKUP_IRQHandler
                0x08004e58                PVD_PVM_IRQHandler
                0x08004e58                SPI2_IRQHandler
                0x08004e58                CAN1_TX_IRQHandler
                0x08004e58                DMA2_Channel5_IRQHandler
                0x08004e58                DMA1_Channel5_IRQHandler
                0x08004e58                EXTI4_IRQHandler
                0x08004e58                RNG_IRQHandler
                0x08004e58                TIM1_TRG_COM_TIM17_IRQHandler
                0x08004e58                DMA1_Channel3_IRQHandler
                0x08004e58                COMP_IRQHandler
                0x08004e58                WWDG_IRQHandler
                0x08004e58                LPUART1_IRQHandler
                0x08004e58                DMA2_Channel6_IRQHandler
                0x08004e58                TIM2_IRQHandler
                0x08004e58                EXTI1_IRQHandler
                0x08004e58                USART2_IRQHandler
                0x08004e58                DFSDM1_FLT0_IRQHandler
                0x08004e58                I2C2_ER_IRQHandler
                0x08004e58                DMA1_Channel2_IRQHandler
                0x08004e58                TIM8_BRK_IRQHandler
                0x08004e58                CAN1_SCE_IRQHandler
                0x08004e58                FLASH_IRQHandler
                0x08004e58                USART1_IRQHandler
                0x08004e58                OTG_FS_IRQHandler
                0x08004e58                SPI3_IRQHandler
                0x08004e58                I2C1_ER_IRQHandler
                0x08004e58                FMC_IRQHandler
                0x08004e58                SWPMI1_IRQHandler
                0x08004e58                LPTIM1_IRQHandler
                0x08004e58                SAI1_IRQHandler
                0x08004e58                DMA2_Channel3_IRQHandler
                0x08004e58                TIM1_BRK_TIM15_IRQHandler
 *fill*         0x08004e5a        0x2 
 .text.__errno  0x08004e5c        0xc c:/ac6/systemworkbench/plugins/fr.ac6.mcu.externaltools.arm-none.win32_1.17.0.201812190825/tools/compiler/bin/../lib/gcc/arm-none-eabi/7.3.1/../../../../arm-none-eabi/lib/thumb/v7e-m/fpv4-sp/softfp\libc_nano.a(lib_a-errno.o)
                0x08004e5c                __errno
 .text.__libc_init_array
                0x08004e68       0x48 c:/ac6/systemworkbench/plugins/fr.ac6.mcu.externaltools.arm-none.win32_1.17.0.201812190825/tools/compiler/bin/../lib/gcc/arm-none-eabi/7.3.1/../../../../arm-none-eabi/lib/thumb/v7e-m/fpv4-sp/softfp\libc_nano.a(lib_a-init.o)
                0x08004e68                __libc_init_array
 .text.memset   0x08004eb0       0x10 c:/ac6/systemworkbench/plugins/fr.ac6.mcu.externaltools.arm-none.win32_1.17.0.201812190825/tools/compiler/bin/../lib/gcc/arm-none-eabi/7.3.1/../../../../arm-none-eabi/lib/thumb/v7e-m/fpv4-sp/softfp\libc_nano.a(lib_a-memset.o)
                0x08004eb0                memset
 .text.printf   0x08004ec0       0x30 c:/ac6/systemworkbench/plugins/fr.ac6.mcu.externaltools.arm-none.win32_1.17.0.201812190825/tools/compiler/bin/../lib/gcc/arm-none-eabi/7.3.1/../../../../arm-none-eabi/lib/thumb/v7e-m/fpv4-sp/softfp\libc_nano.a(lib_a-printf.o)
                0x08004ec0                iprintf
                0x08004ec0                printf
 .text._puts_r  0x08004ef0       0xb8 c:/ac6/systemworkbench/plugins/fr.ac6.mcu.externaltools.arm-none.win32_1.17.0.201812190825/tools/compiler/bin/../lib/gcc/arm-none-eabi/7.3.1/../../../../arm-none-eabi/lib/thumb/v7e-m/fpv4-sp/softfp\libc_nano.a(lib_a-puts.o)
                0x08004ef0                _puts_r
 .text.puts     0x08004fa8       0x10 c:/ac6/systemworkbench/plugins/fr.ac6.mcu.externaltools.arm-none.win32_1.17.0.201812190825/tools/compiler/bin/../lib/gcc/arm-none-eabi/7.3.1/../../../../arm-none-eabi/lib/thumb/v7e-m/fpv4-sp/softfp\libc_nano.a(lib_a-puts.o)
                0x08004fa8                puts
 .text.__swbuf_r
                0x08004fb8       0xa4 c:/ac6/systemworkbench/plugins/fr.ac6.mcu.externaltools.arm-none.win32_1.17.0.201812190825/tools/compiler/bin/../lib/gcc/arm-none-eabi/7.3.1/../../../../arm-none-eabi/lib/thumb/v7e-m/fpv4-sp/softfp\libc_nano.a(lib_a-wbuf.o)
                0x08004fb8                __swbuf_r
 .text.__swsetup_r
                0x0800505c       0xdc c:/ac6/systemworkbench/plugins/fr.ac6.mcu.externaltools.arm-none.win32_1.17.0.201812190825/tools/compiler/bin/../lib/gcc/arm-none-eabi/7.3.1/../../../../arm-none-eabi/lib/thumb/v7e-m/fpv4-sp/softfp\libc_nano.a(lib_a-wsetup.o)
                0x0800505c                __swsetup_r
 .text.__sflush_r
                0x08005138      0x10c c:/ac6/systemworkbench/plugins/fr.ac6.mcu.externaltools.arm-none.win32_1.17.0.201812190825/tools/compiler/bin/../lib/gcc/arm-none-eabi/7.3.1/../../../../arm-none-eabi/lib/thumb/v7e-m/fpv4-sp/softfp\libc_nano.a(lib_a-fflush.o)
                0x08005138                __sflush_r
 .text._fflush_r
                0x08005244       0x54 c:/ac6/systemworkbench/plugins/fr.ac6.mcu.externaltools.arm-none.win32_1.17.0.201812190825/tools/compiler/bin/../lib/gcc/arm-none-eabi/7.3.1/../../../../arm-none-eabi/lib/thumb/v7e-m/fpv4-sp/softfp\libc_nano.a(lib_a-fflush.o)
                0x08005244                _fflush_r
 .text.std      0x08005298       0x48 c:/ac6/systemworkbench/plugins/fr.ac6.mcu.externaltools.arm-none.win32_1.17.0.201812190825/tools/compiler/bin/../lib/gcc/arm-none-eabi/7.3.1/../../../../arm-none-eabi/lib/thumb/v7e-m/fpv4-sp/softfp\libc_nano.a(lib_a-findfp.o)
 .text._cleanup_r
                0x080052e0        0xc c:/ac6/systemworkbench/plugins/fr.ac6.mcu.externaltools.arm-none.win32_1.17.0.201812190825/tools/compiler/bin/../lib/gcc/arm-none-eabi/7.3.1/../../../../arm-none-eabi/lib/thumb/v7e-m/fpv4-sp/softfp\libc_nano.a(lib_a-findfp.o)
                0x080052e0                _cleanup_r
 .text.__sfmoreglue
                0x080052ec       0x2c c:/ac6/systemworkbench/plugins/fr.ac6.mcu.externaltools.arm-none.win32_1.17.0.201812190825/tools/compiler/bin/../lib/gcc/arm-none-eabi/7.3.1/../../../../arm-none-eabi/lib/thumb/v7e-m/fpv4-sp/softfp\libc_nano.a(lib_a-findfp.o)
                0x080052ec                __sfmoreglue
 .text.__sinit  0x08005318       0x60 c:/ac6/systemworkbench/plugins/fr.ac6.mcu.externaltools.arm-none.win32_1.17.0.201812190825/tools/compiler/bin/../lib/gcc/arm-none-eabi/7.3.1/../../../../arm-none-eabi/lib/thumb/v7e-m/fpv4-sp/softfp\libc_nano.a(lib_a-findfp.o)
                0x08005318                __sinit
 .text.__sfp    0x08005378       0x78 c:/ac6/systemworkbench/plugins/fr.ac6.mcu.externaltools.arm-none.win32_1.17.0.201812190825/tools/compiler/bin/../lib/gcc/arm-none-eabi/7.3.1/../../../../arm-none-eabi/lib/thumb/v7e-m/fpv4-sp/softfp\libc_nano.a(lib_a-findfp.o)
                0x08005378                __sfp
 .text._fwalk_reent
                0x080053f0       0x3c c:/ac6/systemworkbench/plugins/fr.ac6.mcu.externaltools.arm-none.win32_1.17.0.201812190825/tools/compiler/bin/../lib/gcc/arm-none-eabi/7.3.1/../../../../arm-none-eabi/lib/thumb/v7e-m/fpv4-sp/softfp\libc_nano.a(lib_a-fwalk.o)
                0x080053f0                _fwalk_reent
 .text.__swhatbuf_r
                0x0800542c       0x48 c:/ac6/systemworkbench/plugins/fr.ac6.mcu.externaltools.arm-none.win32_1.17.0.201812190825/tools/compiler/bin/../lib/gcc/arm-none-eabi/7.3.1/../../../../arm-none-eabi/lib/thumb/v7e-m/fpv4-sp/softfp\libc_nano.a(lib_a-makebuf.o)
                0x0800542c                __swhatbuf_r
 .text.__smakebuf_r
                0x08005474       0x80 c:/ac6/systemworkbench/plugins/fr.ac6.mcu.externaltools.arm-none.win32_1.17.0.201812190825/tools/compiler/bin/../lib/gcc/arm-none-eabi/7.3.1/../../../../arm-none-eabi/lib/thumb/v7e-m/fpv4-sp/softfp\libc_nano.a(lib_a-makebuf.o)
                0x08005474                __smakebuf_r
 .text._free_r  0x080054f4       0x9c c:/ac6/systemworkbench/plugins/fr.ac6.mcu.externaltools.arm-none.win32_1.17.0.201812190825/tools/compiler/bin/../lib/gcc/arm-none-eabi/7.3.1/../../../../arm-none-eabi/lib/thumb/v7e-m/fpv4-sp/softfp\libc_nano.a(lib_a-nano-freer.o)
                0x080054f4                _free_r
 .text._malloc_r
                0x08005590       0xb4 c:/ac6/systemworkbench/plugins/fr.ac6.mcu.externaltools.arm-none.win32_1.17.0.201812190825/tools/compiler/bin/../lib/gcc/arm-none-eabi/7.3.1/../../../../arm-none-eabi/lib/thumb/v7e-m/fpv4-sp/softfp\libc_nano.a(lib_a-nano-mallocr.o)
                0x08005590                _malloc_r
 .text.__sfputc_r
                0x08005644       0x2e c:/ac6/systemworkbench/plugins/fr.ac6.mcu.externaltools.arm-none.win32_1.17.0.201812190825/tools/compiler/bin/../lib/gcc/arm-none-eabi/7.3.1/../../../../arm-none-eabi/lib/thumb/v7e-m/fpv4-sp/softfp\libc_nano.a(lib_a-nano-vfprintf.o)
 .text.__sfputs_r
                0x08005672       0x24 c:/ac6/systemworkbench/plugins/fr.ac6.mcu.externaltools.arm-none.win32_1.17.0.201812190825/tools/compiler/bin/../lib/gcc/arm-none-eabi/7.3.1/../../../../arm-none-eabi/lib/thumb/v7e-m/fpv4-sp/softfp\libc_nano.a(lib_a-nano-vfprintf.o)
                0x08005672                __sfputs_r
 *fill*         0x08005696        0x2 
 .text._vfprintf_r
                0x08005698      0x22c c:/ac6/systemworkbench/plugins/fr.ac6.mcu.externaltools.arm-none.win32_1.17.0.201812190825/tools/compiler/bin/../lib/gcc/arm-none-eabi/7.3.1/../../../../arm-none-eabi/lib/thumb/v7e-m/fpv4-sp/softfp\libc_nano.a(lib_a-nano-vfprintf.o)
                0x08005698                _vfprintf_r
                0x08005698                _vfiprintf_r
 .text._printf_common
                0x080058c4       0xea c:/ac6/systemworkbench/plugins/fr.ac6.mcu.externaltools.arm-none.win32_1.17.0.201812190825/tools/compiler/bin/../lib/gcc/arm-none-eabi/7.3.1/../../../../arm-none-eabi/lib/thumb/v7e-m/fpv4-sp/softfp\libc_nano.a(lib_a-nano-vfprintf_i.o)
                0x080058c4                _printf_common
 *fill*         0x080059ae        0x2 
 .text._printf_i
                0x080059b0      0x224 c:/ac6/systemworkbench/plugins/fr.ac6.mcu.externaltools.arm-none.win32_1.17.0.201812190825/tools/compiler/bin/../lib/gcc/arm-none-eabi/7.3.1/../../../../arm-none-eabi/lib/thumb/v7e-m/fpv4-sp/softfp\libc_nano.a(lib_a-nano-vfprintf_i.o)
                0x080059b0                _printf_i
 .text._sbrk_r  0x08005bd4       0x20 c:/ac6/systemworkbench/plugins/fr.ac6.mcu.externaltools.arm-none.win32_1.17.0.201812190825/tools/compiler/bin/../lib/gcc/arm-none-eabi/7.3.1/../../../../arm-none-eabi/lib/thumb/v7e-m/fpv4-sp/softfp\libc_nano.a(lib_a-sbrkr.o)
                0x08005bd4                _sbrk_r
 .text.__sread  0x08005bf4       0x22 c:/ac6/systemworkbench/plugins/fr.ac6.mcu.externaltools.arm-none.win32_1.17.0.201812190825/tools/compiler/bin/../lib/gcc/arm-none-eabi/7.3.1/../../../../arm-none-eabi/lib/thumb/v7e-m/fpv4-sp/softfp\libc_nano.a(lib_a-stdio.o)
                0x08005bf4                __sread
 .text.__swrite
                0x08005c16       0x38 c:/ac6/systemworkbench/plugins/fr.ac6.mcu.externaltools.arm-none.win32_1.17.0.201812190825/tools/compiler/bin/../lib/gcc/arm-none-eabi/7.3.1/../../../../arm-none-eabi/lib/thumb/v7e-m/fpv4-sp/softfp\libc_nano.a(lib_a-stdio.o)
                0x08005c16                __swrite
 .text.__sseek  0x08005c4e       0x24 c:/ac6/systemworkbench/plugins/fr.ac6.mcu.externaltools.arm-none.win32_1.17.0.201812190825/tools/compiler/bin/../lib/gcc/arm-none-eabi/7.3.1/../../../../arm-none-eabi/lib/thumb/v7e-m/fpv4-sp/softfp\libc_nano.a(lib_a-stdio.o)
                0x08005c4e                __sseek
 .text.__sclose
                0x08005c72        0x8 c:/ac6/systemworkbench/plugins/fr.ac6.mcu.externaltools.arm-none.win32_1.17.0.201812190825/tools/compiler/bin/../lib/gcc/arm-none-eabi/7.3.1/../../../../arm-none-eabi/lib/thumb/v7e-m/fpv4-sp/softfp\libc_nano.a(lib_a-stdio.o)
                0x08005c72                __sclose
 *fill*         0x08005c7a        0x2 
 .text._write_r
                0x08005c7c       0x24 c:/ac6/systemworkbench/plugins/fr.ac6.mcu.externaltools.arm-none.win32_1.17.0.201812190825/tools/compiler/bin/../lib/gcc/arm-none-eabi/7.3.1/../../../../arm-none-eabi/lib/thumb/v7e-m/fpv4-sp/softfp\libc_nano.a(lib_a-writer.o)
                0x08005c7c                _write_r
 .text._close_r
                0x08005ca0       0x20 c:/ac6/systemworkbench/plugins/fr.ac6.mcu.externaltools.arm-none.win32_1.17.0.201812190825/tools/compiler/bin/../lib/gcc/arm-none-eabi/7.3.1/../../../../arm-none-eabi/lib/thumb/v7e-m/fpv4-sp/softfp\libc_nano.a(lib_a-closer.o)
                0x08005ca0                _close_r
 .text._fstat_r
                0x08005cc0       0x24 c:/ac6/systemworkbench/plugins/fr.ac6.mcu.externaltools.arm-none.win32_1.17.0.201812190825/tools/compiler/bin/../lib/gcc/arm-none-eabi/7.3.1/../../../../arm-none-eabi/lib/thumb/v7e-m/fpv4-sp/softfp\libc_nano.a(lib_a-fstatr.o)
                0x08005cc0                _fstat_r
 .text._isatty_r
                0x08005ce4       0x20 c:/ac6/systemworkbench/plugins/fr.ac6.mcu.externaltools.arm-none.win32_1.17.0.201812190825/tools/compiler/bin/../lib/gcc/arm-none-eabi/7.3.1/../../../../arm-none-eabi/lib/thumb/v7e-m/fpv4-sp/softfp\libc_nano.a(lib_a-isattyr.o)
                0x08005ce4                _isatty_r
 .text._lseek_r
                0x08005d04       0x24 c:/ac6/systemworkbench/plugins/fr.ac6.mcu.externaltools.arm-none.win32_1.17.0.201812190825/tools/compiler/bin/../lib/gcc/arm-none-eabi/7.3.1/../../../../arm-none-eabi/lib/thumb/v7e-m/fpv4-sp/softfp\libc_nano.a(lib_a-lseekr.o)
                0x08005d04                _lseek_r
 .text.__malloc_lock
                0x08005d28        0x2 c:/ac6/systemworkbench/plugins/fr.ac6.mcu.externaltools.arm-none.win32_1.17.0.201812190825/tools/compiler/bin/../lib/gcc/arm-none-eabi/7.3.1/../../../../arm-none-eabi/lib/thumb/v7e-m/fpv4-sp/softfp\libc_nano.a(lib_a-mlock.o)
                0x08005d28                __malloc_lock
 .text.__malloc_unlock
                0x08005d2a        0x2 c:/ac6/systemworkbench/plugins/fr.ac6.mcu.externaltools.arm-none.win32_1.17.0.201812190825/tools/compiler/bin/../lib/gcc/arm-none-eabi/7.3.1/../../../../arm-none-eabi/lib/thumb/v7e-m/fpv4-sp/softfp\libc_nano.a(lib_a-mlock.o)
                0x08005d2a                __malloc_unlock
 .text._read_r  0x08005d2c       0x24 c:/ac6/systemworkbench/plugins/fr.ac6.mcu.externaltools.arm-none.win32_1.17.0.201812190825/tools/compiler/bin/../lib/gcc/arm-none-eabi/7.3.1/../../../../arm-none-eabi/lib/thumb/v7e-m/fpv4-sp/softfp\libc_nano.a(lib_a-readr.o)
                0x08005d2c                _read_r
 *(.glue_7)
 .glue_7        0x08005d50        0x0 linker stubs
 *(.glue_7t)
 .glue_7t       0x08005d50        0x0 linker stubs
 *(.eh_frame)
 .eh_frame      0x08005d50        0x0 c:/ac6/systemworkbench/plugins/fr.ac6.mcu.externaltools.arm-none.win32_1.17.0.201812190825/tools/compiler/bin/../lib/gcc/arm-none-eabi/7.3.1/thumb/v7e-m/fpv4-sp/softfp/crtbegin.o
 *(.init)
 .init          0x08005d50        0x4 c:/ac6/systemworkbench/plugins/fr.ac6.mcu.externaltools.arm-none.win32_1.17.0.201812190825/tools/compiler/bin/../lib/gcc/arm-none-eabi/7.3.1/thumb/v7e-m/fpv4-sp/softfp/crti.o
                0x08005d50                _init
 .init          0x08005d54        0x8 c:/ac6/systemworkbench/plugins/fr.ac6.mcu.externaltools.arm-none.win32_1.17.0.201812190825/tools/compiler/bin/../lib/gcc/arm-none-eabi/7.3.1/thumb/v7e-m/fpv4-sp/softfp/crtn.o
 *(.fini)
 .fini          0x08005d5c        0x4 c:/ac6/systemworkbench/plugins/fr.ac6.mcu.externaltools.arm-none.win32_1.17.0.201812190825/tools/compiler/bin/../lib/gcc/arm-none-eabi/7.3.1/thumb/v7e-m/fpv4-sp/softfp/crti.o
                0x08005d5c                _fini
 .fini          0x08005d60        0x8 c:/ac6/systemworkbench/plugins/fr.ac6.mcu.externaltools.arm-none.win32_1.17.0.201812190825/tools/compiler/bin/../lib/gcc/arm-none-eabi/7.3.1/thumb/v7e-m/fpv4-sp/softfp/crtn.o
                0x08005d68                . = ALIGN (0x8)
                0x08005d68                _etext = .

.vfp11_veneer   0x08005d68        0x0
 .vfp11_veneer  0x08005d68        0x0 linker stubs

.v4_bx          0x08005d68        0x0
 .v4_bx         0x08005d68        0x0 linker stubs

.iplt           0x08005d68        0x0
 .iplt          0x08005d68        0x0 c:/ac6/systemworkbench/plugins/fr.ac6.mcu.externaltools.arm-none.win32_1.17.0.201812190825/tools/compiler/bin/../lib/gcc/arm-none-eabi/7.3.1/thumb/v7e-m/fpv4-sp/softfp/crtbegin.o

.rodata         0x08005d68      0x140
                0x08005d68                . = ALIGN (0x8)
 *(.rodata)
 .rodata        0x08005d68        0x8 Drivers/BSP/SensorTile/SensorTile.o
                0x08005d68                GPIO_PIN
 .rodata        0x08005d70       0x14 Drivers/BSP/SensorTile/SensorTile_motion_sensors.o
 .rodata        0x08005d84       0x48 Src/system_stm32l4xx.o
                0x08005d84                MSIRangeTable
                0x08005db4                AHBPrescTable
                0x08005dc4                APBPrescTable
 *(.rodata*)
 .rodata.str1.4
                0x08005dcc       0x30 Src/main.o
 .rodata.str1.4
                0x08005dfc       0x14 Src/stm32l4xx_it.o
                                 0x12 (size before relaxing)
 .rodata._global_impure_ptr
                0x08005e10        0x4 c:/ac6/systemworkbench/plugins/fr.ac6.mcu.externaltools.arm-none.win32_1.17.0.201812190825/tools/compiler/bin/../lib/gcc/arm-none-eabi/7.3.1/../../../../arm-none-eabi/lib/thumb/v7e-m/fpv4-sp/softfp\libc_nano.a(lib_a-impure.o)
                0x08005e10                _global_impure_ptr
 .rodata.__sf_fake_stderr
                0x08005e14       0x20 c:/ac6/systemworkbench/plugins/fr.ac6.mcu.externaltools.arm-none.win32_1.17.0.201812190825/tools/compiler/bin/../lib/gcc/arm-none-eabi/7.3.1/../../../../arm-none-eabi/lib/thumb/v7e-m/fpv4-sp/softfp\libc_nano.a(lib_a-findfp.o)
                0x08005e14                __sf_fake_stderr
 .rodata.__sf_fake_stdin
                0x08005e34       0x20 c:/ac6/systemworkbench/plugins/fr.ac6.mcu.externaltools.arm-none.win32_1.17.0.201812190825/tools/compiler/bin/../lib/gcc/arm-none-eabi/7.3.1/../../../../arm-none-eabi/lib/thumb/v7e-m/fpv4-sp/softfp\libc_nano.a(lib_a-findfp.o)
                0x08005e34                __sf_fake_stdin
 .rodata.__sf_fake_stdout
                0x08005e54       0x20 c:/ac6/systemworkbench/plugins/fr.ac6.mcu.externaltools.arm-none.win32_1.17.0.201812190825/tools/compiler/bin/../lib/gcc/arm-none-eabi/7.3.1/../../../../arm-none-eabi/lib/thumb/v7e-m/fpv4-sp/softfp\libc_nano.a(lib_a-findfp.o)
                0x08005e54                __sf_fake_stdout
 .rodata._vfprintf_r.str1.1
                0x08005e74       0x11 c:/ac6/systemworkbench/plugins/fr.ac6.mcu.externaltools.arm-none.win32_1.17.0.201812190825/tools/compiler/bin/../lib/gcc/arm-none-eabi/7.3.1/../../../../arm-none-eabi/lib/thumb/v7e-m/fpv4-sp/softfp\libc_nano.a(lib_a-nano-vfprintf.o)
 .rodata._printf_i.str1.1
                0x08005e85       0x22 c:/ac6/systemworkbench/plugins/fr.ac6.mcu.externaltools.arm-none.win32_1.17.0.201812190825/tools/compiler/bin/../lib/gcc/arm-none-eabi/7.3.1/../../../../arm-none-eabi/lib/thumb/v7e-m/fpv4-sp/softfp\libc_nano.a(lib_a-nano-vfprintf_i.o)
                0x08005ea8                . = ALIGN (0x8)
 *fill*         0x08005ea7        0x1 

.ARM.extab      0x08005ea8        0x0
                0x08005ea8                . = ALIGN (0x8)
 *(.ARM.extab* .gnu.linkonce.armextab.*)
                0x08005ea8                . = ALIGN (0x8)

.ARM            0x08005ea8        0x8
                0x08005ea8                . = ALIGN (0x8)
                0x08005ea8                __exidx_start = .
 *(.ARM.exidx*)
 .ARM.exidx     0x08005ea8        0x8 c:/ac6/systemworkbench/plugins/fr.ac6.mcu.externaltools.arm-none.win32_1.17.0.201812190825/tools/compiler/bin/../lib/gcc/arm-none-eabi/7.3.1/thumb/v7e-m/fpv4-sp/softfp\libgcc.a(_udivmoddi4.o)
                0x08005eb0                __exidx_end = .
                0x08005eb0                . = ALIGN (0x8)

.rel.dyn        0x08005eb0        0x0
 .rel.iplt      0x08005eb0        0x0 c:/ac6/systemworkbench/plugins/fr.ac6.mcu.externaltools.arm-none.win32_1.17.0.201812190825/tools/compiler/bin/../lib/gcc/arm-none-eabi/7.3.1/thumb/v7e-m/fpv4-sp/softfp/crtbegin.o

.preinit_array  0x08005eb0        0x0
                0x08005eb0                . = ALIGN (0x8)
                0x08005eb0                PROVIDE (__preinit_array_start = .)
 *(.preinit_array*)
                0x08005eb0                PROVIDE (__preinit_array_end = .)
                0x08005eb0                . = ALIGN (0x8)

.init_array     0x08005eb0        0x8
                0x08005eb0                . = ALIGN (0x8)
                0x08005eb0                PROVIDE (__init_array_start = .)
 *(SORT_BY_NAME(.init_array.*))
 *(.init_array*)
 .init_array    0x08005eb0        0x4 c:/ac6/systemworkbench/plugins/fr.ac6.mcu.externaltools.arm-none.win32_1.17.0.201812190825/tools/compiler/bin/../lib/gcc/arm-none-eabi/7.3.1/thumb/v7e-m/fpv4-sp/softfp/crtbegin.o
                0x08005eb4                PROVIDE (__init_array_end = .)
                0x08005eb8                . = ALIGN (0x8)
 *fill*         0x08005eb4        0x4 

.fini_array     0x08005eb8        0x8
                0x08005eb8                . = ALIGN (0x8)
                [!provide]                PROVIDE (__fini_array_start = .)
 *(SORT_BY_NAME(.fini_array.*))
 *(.fini_array*)
 .fini_array    0x08005eb8        0x4 c:/ac6/systemworkbench/plugins/fr.ac6.mcu.externaltools.arm-none.win32_1.17.0.201812190825/tools/compiler/bin/../lib/gcc/arm-none-eabi/7.3.1/thumb/v7e-m/fpv4-sp/softfp/crtbegin.o
                [!provide]                PROVIDE (__fini_array_end = .)
                0x08005ec0                . = ALIGN (0x8)
 *fill*         0x08005ebc        0x4 
                0x08005ec0                _sidata = LOADADDR (.data)

.data           0x20000000      0x140 load address 0x08005ec0
                0x20000000                . = ALIGN (0x8)
                0x20000000                _sdata = .
 *(.data)
 .data          0x20000000       0x68 Drivers/BSP/Components/lsm303agr/lsm303agr.o
                0x20000000                LSM303AGR_MAG_Driver
                0x20000024                LSM303AGR_MAG_COMMON_Driver
                0x20000034                LSM303AGR_ACC_Driver
                0x20000058                LSM303AGR_ACC_COMMON_Driver
 .data          0x20000068       0x58 Drivers/BSP/Components/lsm6dsm/lsm6dsm.o
                0x20000068                LSM6DSM_GYRO_Driver
                0x2000008c                LSM6DSM_ACC_Driver
                0x200000b0                LSM6DSM_COMMON_Driver
 .data          0x200000c0        0xc Drivers/BSP/SensorTile/SensorTile.o
                0x200000c0                SpixTimeout
                0x200000c4                GPIO_PORT
 .data          0x200000cc        0x8 Drivers/STM32L4xx_HAL_Driver/Src/stm32l4xx_hal.o
                0x200000cc                uwTickFreq
                0x200000d0                uwTickPrio
 .data          0x200000d4        0x4 Src/system_stm32l4xx.o
                0x200000d4                SystemCoreClock
 *(.data*)
 .data._impure_ptr
                0x200000d8        0x4 c:/ac6/systemworkbench/plugins/fr.ac6.mcu.externaltools.arm-none.win32_1.17.0.201812190825/tools/compiler/bin/../lib/gcc/arm-none-eabi/7.3.1/../../../../arm-none-eabi/lib/thumb/v7e-m/fpv4-sp/softfp\libc_nano.a(lib_a-impure.o)
                0x200000d8                _impure_ptr
 .data.impure_data
                0x200000dc       0x60 c:/ac6/systemworkbench/plugins/fr.ac6.mcu.externaltools.arm-none.win32_1.17.0.201812190825/tools/compiler/bin/../lib/gcc/arm-none-eabi/7.3.1/../../../../arm-none-eabi/lib/thumb/v7e-m/fpv4-sp/softfp\libc_nano.a(lib_a-impure.o)
                0x20000140                . = ALIGN (0x8)
 *fill*         0x2000013c        0x4 
                0x20000140                _edata = .

.igot.plt       0x20000140        0x0 load address 0x08006000
 .igot.plt      0x20000140        0x0 c:/ac6/systemworkbench/plugins/fr.ac6.mcu.externaltools.arm-none.win32_1.17.0.201812190825/tools/compiler/bin/../lib/gcc/arm-none-eabi/7.3.1/thumb/v7e-m/fpv4-sp/softfp/crtbegin.o
                0x20000140                . = ALIGN (0x4)

.bss            0x20000140      0x2b8 load address 0x08006000
                0x20000140                _sbss = .
                0x20000140                __bss_start__ = _sbss
 *(.bss)
 .bss           0x20000140       0x1c c:/ac6/systemworkbench/plugins/fr.ac6.mcu.externaltools.arm-none.win32_1.17.0.201812190825/tools/compiler/bin/../lib/gcc/arm-none-eabi/7.3.1/thumb/v7e-m/fpv4-sp/softfp/crtbegin.o
 .bss           0x2000015c       0x84 Drivers/BSP/SensorTile/SensorTile_motion_sensors.o
 .bss           0x200001e0        0x8 Src/syscalls.o
                0x200001e4                __env
 *(.bss*)
 .bss.__malloc_free_list
                0x200001e8        0x4 c:/ac6/systemworkbench/plugins/fr.ac6.mcu.externaltools.arm-none.win32_1.17.0.201812190825/tools/compiler/bin/../lib/gcc/arm-none-eabi/7.3.1/../../../../arm-none-eabi/lib/thumb/v7e-m/fpv4-sp/softfp\libc_nano.a(lib_a-nano-mallocr.o)
                0x200001e8                __malloc_free_list
 .bss.__malloc_sbrk_start
                0x200001ec        0x4 c:/ac6/systemworkbench/plugins/fr.ac6.mcu.externaltools.arm-none.win32_1.17.0.201812190825/tools/compiler/bin/../lib/gcc/arm-none-eabi/7.3.1/../../../../arm-none-eabi/lib/thumb/v7e-m/fpv4-sp/softfp\libc_nano.a(lib_a-nano-mallocr.o)
                0x200001ec                __malloc_sbrk_start
 *(COMMON)
 COMMON         0x200001f0      0x114 Drivers/BSP/SensorTile/SensorTile_bus.o
                0x200001f0                hbusi2c3
                0x2000023c                hbusspi2
                0x200002a0                hbusspi1
 COMMON         0x20000304        0x8 Drivers/BSP/SensorTile/SensorTile_motion_sensors.o
                0x20000304                MotionCompObj
 COMMON         0x2000030c        0x4 Drivers/STM32L4xx_HAL_Driver/Src/stm32l4xx_hal.o
                0x2000030c                uwTick
 COMMON         0x20000310       0xe4 Src/main.o
                0x20000310                hspi2
                0x20000374                huart5
 COMMON         0x200003f4        0x4 c:/ac6/systemworkbench/plugins/fr.ac6.mcu.externaltools.arm-none.win32_1.17.0.201812190825/tools/compiler/bin/../lib/gcc/arm-none-eabi/7.3.1/../../../../arm-none-eabi/lib/thumb/v7e-m/fpv4-sp/softfp\libc_nano.a(lib_a-reent.o)
                0x200003f4                errno
                0x200003f8                . = ALIGN (0x4)
                0x200003f8                _ebss = .
                0x200003f8                __bss_end__ = _ebss

._user_heap_stack
                0x200003f8      0x600 load address 0x08006000
                0x200003f8                . = ALIGN (0x8)
                0x200003f8                PROVIDE (end = .)
                [!provide]                PROVIDE (_end = .)
                0x200005f8                . = (. + _Min_Heap_Size)
 *fill*         0x200003f8      0x200 
                0x200009f8                . = (. + _Min_Stack_Size)
 *fill*         0x200005f8      0x400 
                0x200009f8                . = ALIGN (0x8)

/DISCARD/
 libc.a(*)
 libm.a(*)
 libgcc.a(*)

.ARM.attributes
                0x00000000       0x2e
 *(.ARM.attributes)
 .ARM.attributes
                0x00000000       0x22 c:/ac6/systemworkbench/plugins/fr.ac6.mcu.externaltools.arm-none.win32_1.17.0.201812190825/tools/compiler/bin/../lib/gcc/arm-none-eabi/7.3.1/thumb/v7e-m/fpv4-sp/softfp/crti.o
 .ARM.attributes
                0x00000022       0x32 c:/ac6/systemworkbench/plugins/fr.ac6.mcu.externaltools.arm-none.win32_1.17.0.201812190825/tools/compiler/bin/../lib/gcc/arm-none-eabi/7.3.1/thumb/v7e-m/fpv4-sp/softfp/crtbegin.o
 .ARM.attributes
                0x00000054       0x37 Drivers/BSP/Components/lsm303agr/lsm303agr.o
 .ARM.attributes
                0x0000008b       0x37 Drivers/BSP/Components/lsm303agr/lsm303agr_reg.o
 .ARM.attributes
                0x000000c2       0x37 Drivers/BSP/Components/lsm6dsm/lsm6dsm.o
 .ARM.attributes
                0x000000f9       0x37 Drivers/BSP/Components/lsm6dsm/lsm6dsm_reg.o
 .ARM.attributes
                0x00000130       0x37 Drivers/BSP/SensorTile/SensorTile.o
 .ARM.attributes
                0x00000167       0x37 Drivers/BSP/SensorTile/SensorTile_bus.o
 .ARM.attributes
                0x0000019e       0x37 Drivers/BSP/SensorTile/SensorTile_motion_sensors.o
 .ARM.attributes
                0x000001d5       0x37 Drivers/STM32L4xx_HAL_Driver/Src/stm32l4xx_hal.o
 .ARM.attributes
                0x0000020c       0x37 Drivers/STM32L4xx_HAL_Driver/Src/stm32l4xx_hal_cortex.o
 .ARM.attributes
                0x00000243       0x37 Drivers/STM32L4xx_HAL_Driver/Src/stm32l4xx_hal_gpio.o
 .ARM.attributes
                0x0000027a       0x37 Drivers/STM32L4xx_HAL_Driver/Src/stm32l4xx_hal_pwr_ex.o
 .ARM.attributes
                0x000002b1       0x37 Drivers/STM32L4xx_HAL_Driver/Src/stm32l4xx_hal_rcc.o
 .ARM.attributes
                0x000002e8       0x37 Drivers/STM32L4xx_HAL_Driver/Src/stm32l4xx_hal_rcc_ex.o
 .ARM.attributes
                0x0000031f       0x37 Drivers/STM32L4xx_HAL_Driver/Src/stm32l4xx_hal_spi.o
 .ARM.attributes
                0x00000356       0x37 Drivers/STM32L4xx_HAL_Driver/Src/stm32l4xx_hal_uart.o
 .ARM.attributes
                0x0000038d       0x37 Src/main.o
 .ARM.attributes
                0x000003c4       0x37 Src/stm32l4xx_hal_msp.o
 .ARM.attributes
                0x000003fb       0x37 Src/stm32l4xx_it.o
 .ARM.attributes
                0x00000432       0x37 Src/syscalls.o
 .ARM.attributes
                0x00000469       0x37 Src/system_stm32l4xx.o
 .ARM.attributes
                0x000004a0       0x21 startup/startup_stm32l476xx.o
 .ARM.attributes
                0x000004c1       0x22 c:/ac6/systemworkbench/plugins/fr.ac6.mcu.externaltools.arm-none.win32_1.17.0.201812190825/tools/compiler/bin/../lib/gcc/arm-none-eabi/7.3.1/thumb/v7e-m/fpv4-sp/softfp\libgcc.a(_aeabi_uldivmod.o)
 .ARM.attributes
                0x000004e3       0x32 c:/ac6/systemworkbench/plugins/fr.ac6.mcu.externaltools.arm-none.win32_1.17.0.201812190825/tools/compiler/bin/../lib/gcc/arm-none-eabi/7.3.1/thumb/v7e-m/fpv4-sp/softfp\libgcc.a(_udivmoddi4.o)
 .ARM.attributes
                0x00000515       0x22 c:/ac6/systemworkbench/plugins/fr.ac6.mcu.externaltools.arm-none.win32_1.17.0.201812190825/tools/compiler/bin/../lib/gcc/arm-none-eabi/7.3.1/thumb/v7e-m/fpv4-sp/softfp\libgcc.a(_dvmd_tls.o)
 .ARM.attributes
                0x00000537       0x32 c:/ac6/systemworkbench/plugins/fr.ac6.mcu.externaltools.arm-none.win32_1.17.0.201812190825/tools/compiler/bin/../lib/gcc/arm-none-eabi/7.3.1/../../../../arm-none-eabi/lib/thumb/v7e-m/fpv4-sp/softfp\libc_nano.a(lib_a-errno.o)
 .ARM.attributes
                0x00000569       0x32 c:/ac6/systemworkbench/plugins/fr.ac6.mcu.externaltools.arm-none.win32_1.17.0.201812190825/tools/compiler/bin/../lib/gcc/arm-none-eabi/7.3.1/../../../../arm-none-eabi/lib/thumb/v7e-m/fpv4-sp/softfp\libc_nano.a(lib_a-impure.o)
 .ARM.attributes
                0x0000059b       0x32 c:/ac6/systemworkbench/plugins/fr.ac6.mcu.externaltools.arm-none.win32_1.17.0.201812190825/tools/compiler/bin/../lib/gcc/arm-none-eabi/7.3.1/../../../../arm-none-eabi/lib/thumb/v7e-m/fpv4-sp/softfp\libc_nano.a(lib_a-init.o)
 .ARM.attributes
                0x000005cd       0x32 c:/ac6/systemworkbench/plugins/fr.ac6.mcu.externaltools.arm-none.win32_1.17.0.201812190825/tools/compiler/bin/../lib/gcc/arm-none-eabi/7.3.1/../../../../arm-none-eabi/lib/thumb/v7e-m/fpv4-sp/softfp\libc_nano.a(lib_a-memset.o)
 .ARM.attributes
                0x000005ff       0x32 c:/ac6/systemworkbench/plugins/fr.ac6.mcu.externaltools.arm-none.win32_1.17.0.201812190825/tools/compiler/bin/../lib/gcc/arm-none-eabi/7.3.1/../../../../arm-none-eabi/lib/thumb/v7e-m/fpv4-sp/softfp\libc_nano.a(lib_a-printf.o)
 .ARM.attributes
                0x00000631       0x32 c:/ac6/systemworkbench/plugins/fr.ac6.mcu.externaltools.arm-none.win32_1.17.0.201812190825/tools/compiler/bin/../lib/gcc/arm-none-eabi/7.3.1/../../../../arm-none-eabi/lib/thumb/v7e-m/fpv4-sp/softfp\libc_nano.a(lib_a-puts.o)
 .ARM.attributes
                0x00000663       0x32 c:/ac6/systemworkbench/plugins/fr.ac6.mcu.externaltools.arm-none.win32_1.17.0.201812190825/tools/compiler/bin/../lib/gcc/arm-none-eabi/7.3.1/../../../../arm-none-eabi/lib/thumb/v7e-m/fpv4-sp/softfp\libc_nano.a(lib_a-wbuf.o)
 .ARM.attributes
                0x00000695       0x32 c:/ac6/systemworkbench/plugins/fr.ac6.mcu.externaltools.arm-none.win32_1.17.0.201812190825/tools/compiler/bin/../lib/gcc/arm-none-eabi/7.3.1/../../../../arm-none-eabi/lib/thumb/v7e-m/fpv4-sp/softfp\libc_nano.a(lib_a-wsetup.o)
 .ARM.attributes
                0x000006c7       0x32 c:/ac6/systemworkbench/plugins/fr.ac6.mcu.externaltools.arm-none.win32_1.17.0.201812190825/tools/compiler/bin/../lib/gcc/arm-none-eabi/7.3.1/../../../../arm-none-eabi/lib/thumb/v7e-m/fpv4-sp/softfp\libc_nano.a(lib_a-fflush.o)
 .ARM.attributes
                0x000006f9       0x32 c:/ac6/systemworkbench/plugins/fr.ac6.mcu.externaltools.arm-none.win32_1.17.0.201812190825/tools/compiler/bin/../lib/gcc/arm-none-eabi/7.3.1/../../../../arm-none-eabi/lib/thumb/v7e-m/fpv4-sp/softfp\libc_nano.a(lib_a-findfp.o)
 .ARM.attributes
                0x0000072b       0x32 c:/ac6/systemworkbench/plugins/fr.ac6.mcu.externaltools.arm-none.win32_1.17.0.201812190825/tools/compiler/bin/../lib/gcc/arm-none-eabi/7.3.1/../../../../arm-none-eabi/lib/thumb/v7e-m/fpv4-sp/softfp\libc_nano.a(lib_a-fwalk.o)
 .ARM.attributes
                0x0000075d       0x32 c:/ac6/systemworkbench/plugins/fr.ac6.mcu.externaltools.arm-none.win32_1.17.0.201812190825/tools/compiler/bin/../lib/gcc/arm-none-eabi/7.3.1/../../../../arm-none-eabi/lib/thumb/v7e-m/fpv4-sp/softfp\libc_nano.a(lib_a-makebuf.o)
 .ARM.attributes
                0x0000078f       0x32 c:/ac6/systemworkbench/plugins/fr.ac6.mcu.externaltools.arm-none.win32_1.17.0.201812190825/tools/compiler/bin/../lib/gcc/arm-none-eabi/7.3.1/../../../../arm-none-eabi/lib/thumb/v7e-m/fpv4-sp/softfp\libc_nano.a(lib_a-nano-freer.o)
 .ARM.attributes
                0x000007c1       0x32 c:/ac6/systemworkbench/plugins/fr.ac6.mcu.externaltools.arm-none.win32_1.17.0.201812190825/tools/compiler/bin/../lib/gcc/arm-none-eabi/7.3.1/../../../../arm-none-eabi/lib/thumb/v7e-m/fpv4-sp/softfp\libc_nano.a(lib_a-nano-mallocr.o)
 .ARM.attributes
                0x000007f3       0x32 c:/ac6/systemworkbench/plugins/fr.ac6.mcu.externaltools.arm-none.win32_1.17.0.201812190825/tools/compiler/bin/../lib/gcc/arm-none-eabi/7.3.1/../../../../arm-none-eabi/lib/thumb/v7e-m/fpv4-sp/softfp\libc_nano.a(lib_a-nano-vfprintf.o)
 .ARM.attributes
                0x00000825       0x32 c:/ac6/systemworkbench/plugins/fr.ac6.mcu.externaltools.arm-none.win32_1.17.0.201812190825/tools/compiler/bin/../lib/gcc/arm-none-eabi/7.3.1/../../../../arm-none-eabi/lib/thumb/v7e-m/fpv4-sp/softfp\libc_nano.a(lib_a-nano-vfprintf_i.o)
 .ARM.attributes
                0x00000857       0x32 c:/ac6/systemworkbench/plugins/fr.ac6.mcu.externaltools.arm-none.win32_1.17.0.201812190825/tools/compiler/bin/../lib/gcc/arm-none-eabi/7.3.1/../../../../arm-none-eabi/lib/thumb/v7e-m/fpv4-sp/softfp\libc_nano.a(lib_a-sbrkr.o)
 .ARM.attributes
                0x00000889       0x32 c:/ac6/systemworkbench/plugins/fr.ac6.mcu.externaltools.arm-none.win32_1.17.0.201812190825/tools/compiler/bin/../lib/gcc/arm-none-eabi/7.3.1/../../../../arm-none-eabi/lib/thumb/v7e-m/fpv4-sp/softfp\libc_nano.a(lib_a-stdio.o)
 .ARM.attributes
                0x000008bb       0x32 c:/ac6/systemworkbench/plugins/fr.ac6.mcu.externaltools.arm-none.win32_1.17.0.201812190825/tools/compiler/bin/../lib/gcc/arm-none-eabi/7.3.1/../../../../arm-none-eabi/lib/thumb/v7e-m/fpv4-sp/softfp\libc_nano.a(lib_a-writer.o)
 .ARM.attributes
                0x000008ed       0x32 c:/ac6/systemworkbench/plugins/fr.ac6.mcu.externaltools.arm-none.win32_1.17.0.201812190825/tools/compiler/bin/../lib/gcc/arm-none-eabi/7.3.1/../../../../arm-none-eabi/lib/thumb/v7e-m/fpv4-sp/softfp\libc_nano.a(lib_a-closer.o)
 .ARM.attributes
                0x0000091f       0x32 c:/ac6/systemworkbench/plugins/fr.ac6.mcu.externaltools.arm-none.win32_1.17.0.201812190825/tools/compiler/bin/../lib/gcc/arm-none-eabi/7.3.1/../../../../arm-none-eabi/lib/thumb/v7e-m/fpv4-sp/softfp\libc_nano.a(lib_a-fstatr.o)
 .ARM.attributes
                0x00000951       0x32 c:/ac6/systemworkbench/plugins/fr.ac6.mcu.externaltools.arm-none.win32_1.17.0.201812190825/tools/compiler/bin/../lib/gcc/arm-none-eabi/7.3.1/../../../../arm-none-eabi/lib/thumb/v7e-m/fpv4-sp/softfp\libc_nano.a(lib_a-isattyr.o)
 .ARM.attributes
                0x00000983       0x32 c:/ac6/systemworkbench/plugins/fr.ac6.mcu.externaltools.arm-none.win32_1.17.0.201812190825/tools/compiler/bin/../lib/gcc/arm-none-eabi/7.3.1/../../../../arm-none-eabi/lib/thumb/v7e-m/fpv4-sp/softfp\libc_nano.a(lib_a-lseekr.o)
 .ARM.attributes
                0x000009b5       0x20 c:/ac6/systemworkbench/plugins/fr.ac6.mcu.externaltools.arm-none.win32_1.17.0.201812190825/tools/compiler/bin/../lib/gcc/arm-none-eabi/7.3.1/../../../../arm-none-eabi/lib/thumb/v7e-m/fpv4-sp/softfp\libc_nano.a(lib_a-memchr.o)
 .ARM.attributes
                0x000009d5       0x32 c:/ac6/systemworkbench/plugins/fr.ac6.mcu.externaltools.arm-none.win32_1.17.0.201812190825/tools/compiler/bin/../lib/gcc/arm-none-eabi/7.3.1/../../../../arm-none-eabi/lib/thumb/v7e-m/fpv4-sp/softfp\libc_nano.a(lib_a-mlock.o)
 .ARM.attributes
                0x00000a07       0x32 c:/ac6/systemworkbench/plugins/fr.ac6.mcu.externaltools.arm-none.win32_1.17.0.201812190825/tools/compiler/bin/../lib/gcc/arm-none-eabi/7.3.1/../../../../arm-none-eabi/lib/thumb/v7e-m/fpv4-sp/softfp\libc_nano.a(lib_a-readr.o)
 .ARM.attributes
                0x00000a39       0x32 c:/ac6/systemworkbench/plugins/fr.ac6.mcu.externaltools.arm-none.win32_1.17.0.201812190825/tools/compiler/bin/../lib/gcc/arm-none-eabi/7.3.1/../../../../arm-none-eabi/lib/thumb/v7e-m/fpv4-sp/softfp\libc_nano.a(lib_a-reent.o)
 .ARM.attributes
                0x00000a6b       0x22 c:/ac6/systemworkbench/plugins/fr.ac6.mcu.externaltools.arm-none.win32_1.17.0.201812190825/tools/compiler/bin/../lib/gcc/arm-none-eabi/7.3.1/thumb/v7e-m/fpv4-sp/softfp/crtn.o
OUTPUT(blink_sensortile.elf elf32-littlearm)

.debug_info     0x00000000    0x2fd87
 .debug_info    0x00000000     0x2403 Drivers/BSP/Components/lsm303agr/lsm303agr.o
 .debug_info    0x00002403     0x6258 Drivers/BSP/Components/lsm303agr/lsm303agr_reg.o
 .debug_info    0x0000865b     0x6935 Drivers/BSP/Components/lsm6dsm/lsm6dsm.o
 .debug_info    0x0000ef90     0xc216 Drivers/BSP/Components/lsm6dsm/lsm6dsm_reg.o
 .debug_info    0x0001b1a6     0x16f1 Drivers/BSP/SensorTile/SensorTile.o
 .debug_info    0x0001c897     0x1f77 Drivers/BSP/SensorTile/SensorTile_bus.o
 .debug_info    0x0001e80e     0x3099 Drivers/BSP/SensorTile/SensorTile_motion_sensors.o
 .debug_info    0x000218a7      0xca2 Drivers/STM32L4xx_HAL_Driver/Src/stm32l4xx_hal.o
 .debug_info    0x00022549     0x10a0 Drivers/STM32L4xx_HAL_Driver/Src/stm32l4xx_hal_cortex.o
 .debug_info    0x000235e9      0x989 Drivers/STM32L4xx_HAL_Driver/Src/stm32l4xx_hal_gpio.o
 .debug_info    0x00023f72      0xb27 Drivers/STM32L4xx_HAL_Driver/Src/stm32l4xx_hal_pwr_ex.o
 .debug_info    0x00024a99      0xf2a Drivers/STM32L4xx_HAL_Driver/Src/stm32l4xx_hal_rcc.o
 .debug_info    0x000259c3     0x12a3 Drivers/STM32L4xx_HAL_Driver/Src/stm32l4xx_hal_rcc_ex.o
 .debug_info    0x00026c66     0x1f36 Drivers/STM32L4xx_HAL_Driver/Src/stm32l4xx_hal_spi.o
 .debug_info    0x00028b9c     0x1d7a Drivers/STM32L4xx_HAL_Driver/Src/stm32l4xx_hal_uart.o
 .debug_info    0x0002a916     0x2a2e Src/main.o
 .debug_info    0x0002d344      0xf46 Src/stm32l4xx_hal_msp.o
 .debug_info    0x0002e28a      0x40c Src/stm32l4xx_it.o
 .debug_info    0x0002e696      0xfd3 Src/syscalls.o
 .debug_info    0x0002f669      0x6fc Src/system_stm32l4xx.o
 .debug_info    0x0002fd65       0x22 startup/startup_stm32l476xx.o

.debug_abbrev   0x00000000     0x3224
 .debug_abbrev  0x00000000      0x354 Drivers/BSP/Components/lsm303agr/lsm303agr.o
 .debug_abbrev  0x00000354      0x323 Drivers/BSP/Components/lsm303agr/lsm303agr_reg.o
 .debug_abbrev  0x00000677      0x391 Drivers/BSP/Components/lsm6dsm/lsm6dsm.o
 .debug_abbrev  0x00000a08      0x251 Drivers/BSP/Components/lsm6dsm/lsm6dsm_reg.o
 .debug_abbrev  0x00000c59      0x2a1 Drivers/BSP/SensorTile/SensorTile.o
 .debug_abbrev  0x00000efa      0x26f Drivers/BSP/SensorTile/SensorTile_bus.o
 .debug_abbrev  0x00001169      0x45b Drivers/BSP/SensorTile/SensorTile_motion_sensors.o
 .debug_abbrev  0x000015c4      0x209 Drivers/STM32L4xx_HAL_Driver/Src/stm32l4xx_hal.o
 .debug_abbrev  0x000017cd      0x328 Drivers/STM32L4xx_HAL_Driver/Src/stm32l4xx_hal_cortex.o
 .debug_abbrev  0x00001af5      0x1de Drivers/STM32L4xx_HAL_Driver/Src/stm32l4xx_hal_gpio.o
 .debug_abbrev  0x00001cd3      0x1de Drivers/STM32L4xx_HAL_Driver/Src/stm32l4xx_hal_pwr_ex.o
 .debug_abbrev  0x00001eb1      0x21f Drivers/STM32L4xx_HAL_Driver/Src/stm32l4xx_hal_rcc.o
 .debug_abbrev  0x000020d0      0x24c Drivers/STM32L4xx_HAL_Driver/Src/stm32l4xx_hal_rcc_ex.o
 .debug_abbrev  0x0000231c      0x238 Drivers/STM32L4xx_HAL_Driver/Src/stm32l4xx_hal_spi.o
 .debug_abbrev  0x00002554      0x24d Drivers/STM32L4xx_HAL_Driver/Src/stm32l4xx_hal_uart.o
 .debug_abbrev  0x000027a1      0x332 Src/main.o
 .debug_abbrev  0x00002ad3      0x1a9 Src/stm32l4xx_hal_msp.o
 .debug_abbrev  0x00002c7c      0x172 Src/stm32l4xx_it.o
 .debug_abbrev  0x00002dee      0x2d4 Src/syscalls.o
 .debug_abbrev  0x000030c2      0x150 Src/system_stm32l4xx.o
 .debug_abbrev  0x00003212       0x12 startup/startup_stm32l476xx.o

.debug_loc      0x00000000    0x1397a
 .debug_loc     0x00000000     0x114c Drivers/BSP/Components/lsm303agr/lsm303agr.o
 .debug_loc     0x0000114c     0x2455 Drivers/BSP/Components/lsm303agr/lsm303agr_reg.o
 .debug_loc     0x000035a1     0x1ff4 Drivers/BSP/Components/lsm6dsm/lsm6dsm.o
 .debug_loc     0x00005595     0x5bd8 Drivers/BSP/Components/lsm6dsm/lsm6dsm_reg.o
 .debug_loc     0x0000b16d      0x3ef Drivers/BSP/SensorTile/SensorTile.o
 .debug_loc     0x0000b55c      0x9ac Drivers/BSP/SensorTile/SensorTile_bus.o
 .debug_loc     0x0000bf08      0xb4c Drivers/BSP/SensorTile/SensorTile_motion_sensors.o
 .debug_loc     0x0000ca54      0x1f1 Drivers/STM32L4xx_HAL_Driver/Src/stm32l4xx_hal.o
 .debug_loc     0x0000cc45      0x5ce Drivers/STM32L4xx_HAL_Driver/Src/stm32l4xx_hal_cortex.o
 .debug_loc     0x0000d213      0x2d3 Drivers/STM32L4xx_HAL_Driver/Src/stm32l4xx_hal_gpio.o
 .debug_loc     0x0000d4e6      0x960 Drivers/STM32L4xx_HAL_Driver/Src/stm32l4xx_hal_pwr_ex.o
 .debug_loc     0x0000de46      0x63a Drivers/STM32L4xx_HAL_Driver/Src/stm32l4xx_hal_rcc.o
 .debug_loc     0x0000e480     0x1c00 Drivers/STM32L4xx_HAL_Driver/Src/stm32l4xx_hal_rcc_ex.o
 .debug_loc     0x00010080     0x1a4c Drivers/STM32L4xx_HAL_Driver/Src/stm32l4xx_hal_spi.o
 .debug_loc     0x00011acc     0x1840 Drivers/STM32L4xx_HAL_Driver/Src/stm32l4xx_hal_uart.o
 .debug_loc     0x0001330c       0x1f Src/main.o
 .debug_loc     0x0001332b       0xe8 Src/stm32l4xx_hal_msp.o
 .debug_loc     0x00013413      0x3af Src/syscalls.o
 .debug_loc     0x000137c2      0x1b8 Src/system_stm32l4xx.o

.debug_aranges  0x00000000     0x1d78
 .debug_aranges
                0x00000000      0x180 Drivers/BSP/Components/lsm303agr/lsm303agr.o
 .debug_aranges
                0x00000180      0x460 Drivers/BSP/Components/lsm303agr/lsm303agr_reg.o
 .debug_aranges
                0x000005e0      0x2d8 Drivers/BSP/Components/lsm6dsm/lsm6dsm.o
 .debug_aranges
                0x000008b8      0x778 Drivers/BSP/Components/lsm6dsm/lsm6dsm_reg.o
 .debug_aranges
                0x00001030       0xd0 Drivers/BSP/SensorTile/SensorTile.o
 .debug_aranges
                0x00001100      0x108 Drivers/BSP/SensorTile/SensorTile_bus.o
 .debug_aranges
                0x00001208       0xf0 Drivers/BSP/SensorTile/SensorTile_motion_sensors.o
 .debug_aranges
                0x000012f8      0x130 Drivers/STM32L4xx_HAL_Driver/Src/stm32l4xx_hal.o
 .debug_aranges
                0x00001428       0xa8 Drivers/STM32L4xx_HAL_Driver/Src/stm32l4xx_hal_cortex.o
 .debug_aranges
                0x000014d0       0x58 Drivers/STM32L4xx_HAL_Driver/Src/stm32l4xx_hal_gpio.o
 .debug_aranges
                0x00001528      0x148 Drivers/STM32L4xx_HAL_Driver/Src/stm32l4xx_hal_pwr_ex.o
 .debug_aranges
                0x00001670       0x88 Drivers/STM32L4xx_HAL_Driver/Src/stm32l4xx_hal_rcc.o
 .debug_aranges
                0x000016f8       0xc0 Drivers/STM32L4xx_HAL_Driver/Src/stm32l4xx_hal_rcc_ex.o
 .debug_aranges
                0x000017b8      0x1d8 Drivers/STM32L4xx_HAL_Driver/Src/stm32l4xx_hal_spi.o
 .debug_aranges
                0x00001990      0x1f8 Drivers/STM32L4xx_HAL_Driver/Src/stm32l4xx_hal_uart.o
 .debug_aranges
                0x00001b88       0x50 Src/main.o
 .debug_aranges
                0x00001bd8       0x40 Src/stm32l4xx_hal_msp.o
 .debug_aranges
                0x00001c18       0x60 Src/stm32l4xx_it.o
 .debug_aranges
                0x00001c78       0xb0 Src/syscalls.o
 .debug_aranges
                0x00001d28       0x28 Src/system_stm32l4xx.o
 .debug_aranges
                0x00001d50       0x28 startup/startup_stm32l476xx.o

.debug_ranges   0x00000000     0x1cc8
 .debug_ranges  0x00000000      0x170 Drivers/BSP/Components/lsm303agr/lsm303agr.o
 .debug_ranges  0x00000170      0x450 Drivers/BSP/Components/lsm303agr/lsm303agr_reg.o
 .debug_ranges  0x000005c0      0x2c8 Drivers/BSP/Components/lsm6dsm/lsm6dsm.o
 .debug_ranges  0x00000888      0x768 Drivers/BSP/Components/lsm6dsm/lsm6dsm_reg.o
 .debug_ranges  0x00000ff0       0xc0 Drivers/BSP/SensorTile/SensorTile.o
 .debug_ranges  0x000010b0       0xf8 Drivers/BSP/SensorTile/SensorTile_bus.o
 .debug_ranges  0x000011a8       0xe0 Drivers/BSP/SensorTile/SensorTile_motion_sensors.o
 .debug_ranges  0x00001288      0x120 Drivers/STM32L4xx_HAL_Driver/Src/stm32l4xx_hal.o
 .debug_ranges  0x000013a8       0xf8 Drivers/STM32L4xx_HAL_Driver/Src/stm32l4xx_hal_cortex.o
 .debug_ranges  0x000014a0       0x48 Drivers/STM32L4xx_HAL_Driver/Src/stm32l4xx_hal_gpio.o
 .debug_ranges  0x000014e8      0x138 Drivers/STM32L4xx_HAL_Driver/Src/stm32l4xx_hal_pwr_ex.o
 .debug_ranges  0x00001620       0x90 Drivers/STM32L4xx_HAL_Driver/Src/stm32l4xx_hal_rcc.o
 .debug_ranges  0x000016b0       0xd0 Drivers/STM32L4xx_HAL_Driver/Src/stm32l4xx_hal_rcc_ex.o
 .debug_ranges  0x00001780      0x1c8 Drivers/STM32L4xx_HAL_Driver/Src/stm32l4xx_hal_spi.o
 .debug_ranges  0x00001948      0x1e8 Drivers/STM32L4xx_HAL_Driver/Src/stm32l4xx_hal_uart.o
 .debug_ranges  0x00001b30       0x40 Src/main.o
 .debug_ranges  0x00001b70       0x30 Src/stm32l4xx_hal_msp.o
 .debug_ranges  0x00001ba0       0x50 Src/stm32l4xx_it.o
 .debug_ranges  0x00001bf0       0xa0 Src/syscalls.o
 .debug_ranges  0x00001c90       0x18 Src/system_stm32l4xx.o
 .debug_ranges  0x00001ca8       0x20 startup/startup_stm32l476xx.o

.debug_macro    0x00000000    0x26a29
 .debug_macro   0x00000000      0x14f Drivers/BSP/Components/lsm303agr/lsm303agr.o
 .debug_macro   0x0000014f      0x23d Drivers/BSP/Components/lsm303agr/lsm303agr.o
 .debug_macro   0x0000038c       0x7b Drivers/BSP/Components/lsm303agr/lsm303agr.o
 .debug_macro   0x00000407      0x115 Drivers/BSP/Components/lsm303agr/lsm303agr_reg.o
 .debug_macro   0x0000051c      0x142 Drivers/BSP/Components/lsm6dsm/lsm6dsm.o
 .debug_macro   0x0000065e      0x3f8 Drivers/BSP/Components/lsm6dsm/lsm6dsm.o
 .debug_macro   0x00000a56       0x10 Drivers/BSP/Components/lsm6dsm/lsm6dsm.o
 .debug_macro   0x00000a66       0x66 Drivers/BSP/Components/lsm6dsm/lsm6dsm.o
 .debug_macro   0x00000acc       0x72 Drivers/BSP/Components/lsm6dsm/lsm6dsm_reg.o
 .debug_macro   0x00000b3e      0x238 Drivers/BSP/SensorTile/SensorTile.o
 .debug_macro   0x00000d76       0xc0 Drivers/BSP/SensorTile/SensorTile.o
 .debug_macro   0x00000e36       0x2e Drivers/BSP/SensorTile/SensorTile.o
 .debug_macro   0x00000e64       0x28 Drivers/BSP/SensorTile/SensorTile.o
 .debug_macro   0x00000e8c       0x1c Drivers/BSP/SensorTile/SensorTile.o
 .debug_macro   0x00000ea8       0x22 Drivers/BSP/SensorTile/SensorTile.o
 .debug_macro   0x00000eca       0xdf Drivers/BSP/SensorTile/SensorTile.o
 .debug_macro   0x00000fa9     0x102d Drivers/BSP/SensorTile/SensorTile.o
 .debug_macro   0x00001fd6      0x11f Drivers/BSP/SensorTile/SensorTile.o
 .debug_macro   0x000020f5    0x1a11f Drivers/BSP/SensorTile/SensorTile.o
 .debug_macro   0x0001c214       0x43 Drivers/BSP/SensorTile/SensorTile.o
 .debug_macro   0x0001c257     0x3820 Drivers/BSP/SensorTile/SensorTile.o
 .debug_macro   0x0001fa77       0x4e Drivers/BSP/SensorTile/SensorTile.o
 .debug_macro   0x0001fac5     0x155f Drivers/BSP/SensorTile/SensorTile.o
 .debug_macro   0x00021024      0x59e Drivers/BSP/SensorTile/SensorTile.o
 .debug_macro   0x000215c2      0x241 Drivers/BSP/SensorTile/SensorTile.o
 .debug_macro   0x00021803      0x13d Drivers/BSP/SensorTile/SensorTile.o
 .debug_macro   0x00021940      0x18b Drivers/BSP/SensorTile/SensorTile.o
 .debug_macro   0x00021acb      0x26b Drivers/BSP/SensorTile/SensorTile.o
 .debug_macro   0x00021d36      0x236 Drivers/BSP/SensorTile/SensorTile.o
 .debug_macro   0x00021f6c      0x36e Drivers/BSP/SensorTile/SensorTile.o
 .debug_macro   0x000222da       0xe4 Drivers/BSP/SensorTile/SensorTile.o
 .debug_macro   0x000223be      0x22c Drivers/BSP/SensorTile/SensorTile.o
 .debug_macro   0x000225ea       0x5e Drivers/BSP/SensorTile/SensorTile.o
 .debug_macro   0x00022648       0xa5 Drivers/BSP/SensorTile/SensorTile.o
 .debug_macro   0x000226ed      0x122 Drivers/BSP/SensorTile/SensorTile.o
 .debug_macro   0x0002280f      0x3d4 Drivers/BSP/SensorTile/SensorTile.o
 .debug_macro   0x00022be3      0x2fe Drivers/BSP/SensorTile/SensorTile.o
 .debug_macro   0x00022ee1      0x57b Drivers/BSP/SensorTile/SensorTile.o
 .debug_macro   0x0002345c       0x44 Drivers/BSP/SensorTile/SensorTile.o
 .debug_macro   0x000234a0      0x349 Drivers/BSP/SensorTile/SensorTile.o
 .debug_macro   0x000237e9       0x16 Drivers/BSP/SensorTile/SensorTile.o
 .debug_macro   0x000237ff       0x4c Drivers/BSP/SensorTile/SensorTile.o
 .debug_macro   0x0002384b       0xa6 Drivers/BSP/SensorTile/SensorTile.o
 .debug_macro   0x000238f1       0xee Drivers/BSP/SensorTile/SensorTile.o
 .debug_macro   0x000239df      0x215 Drivers/BSP/SensorTile/SensorTile_bus.o
 .debug_macro   0x00023bf4      0x329 Drivers/BSP/SensorTile/SensorTile_motion_sensors.o
 .debug_macro   0x00023f1d      0x3fe Drivers/BSP/SensorTile/SensorTile_motion_sensors.o
 .debug_macro   0x0002431b      0x22b Drivers/BSP/SensorTile/SensorTile_motion_sensors.o
 .debug_macro   0x00024546       0x2e Drivers/BSP/SensorTile/SensorTile_motion_sensors.o
 .debug_macro   0x00024574      0x238 Drivers/STM32L4xx_HAL_Driver/Src/stm32l4xx_hal.o
 .debug_macro   0x000247ac      0x1ea Drivers/STM32L4xx_HAL_Driver/Src/stm32l4xx_hal_cortex.o
 .debug_macro   0x00024996      0x229 Drivers/STM32L4xx_HAL_Driver/Src/stm32l4xx_hal_gpio.o
 .debug_macro   0x00024bbf      0x20e Drivers/STM32L4xx_HAL_Driver/Src/stm32l4xx_hal_pwr_ex.o
 .debug_macro   0x00024dcd      0x22c Drivers/STM32L4xx_HAL_Driver/Src/stm32l4xx_hal_rcc.o
 .debug_macro   0x00024ff9      0x220 Drivers/STM32L4xx_HAL_Driver/Src/stm32l4xx_hal_rcc_ex.o
 .debug_macro   0x00025219      0x1f2 Drivers/STM32L4xx_HAL_Driver/Src/stm32l4xx_hal_spi.o
 .debug_macro   0x0002540b      0x215 Drivers/STM32L4xx_HAL_Driver/Src/stm32l4xx_hal_uart.o
 .debug_macro   0x00025620      0x40d Src/main.o
 .debug_macro   0x00025a2d      0x1f4 Src/stm32l4xx_hal_msp.o
 .debug_macro   0x00025c21      0x22e Src/stm32l4xx_it.o
 .debug_macro   0x00025e4f      0x243 Src/syscalls.o
 .debug_macro   0x00026092       0x58 Src/syscalls.o
 .debug_macro   0x000260ea       0x94 Src/syscalls.o
 .debug_macro   0x0002617e       0x57 Src/syscalls.o
 .debug_macro   0x000261d5       0x10 Src/syscalls.o
 .debug_macro   0x000261e5       0x10 Src/syscalls.o